Component: ARM Compiler 5.06 update 6 (build 750) Tool: armlink [4d35ed]

==============================================================================

Section Cross References

    analogin_api.o(i.analogin_init) refers to mbed_pinmap_common.o(i.pinmap_peripheral) for pinmap_peripheral
    analogin_api.o(i.analogin_init) refers to mbed_assert.o(i.mbed_assert_internal) for mbed_assert_internal
    analogin_api.o(i.analogin_init) refers to mbed_pinmap_common.o(i.pinmap_pinout) for pinmap_pinout
    analogin_api.o(i.analogin_init) refers to analogin_api.o(.constdata) for .constdata
    analogin_api.o(i.analogin_init) refers to analogin_api.o(.conststring) for .conststring
    analogin_api.o(i.analogin_init) refers to system_LPC17xx.o(.data) for SystemCoreClock
    analogin_api.o(i.analogin_read) refers to fflt_clz.o(x$fpl$ffltu) for __aeabi_ui2f
    analogin_api.o(i.analogin_read) refers to fmul.o(x$fpl$fmul) for __aeabi_fmul
    analogout_api.o(i.analogout_init) refers to mbed_pinmap_common.o(i.pinmap_peripheral) for pinmap_peripheral
    analogout_api.o(i.analogout_init) refers to mbed_assert.o(i.mbed_assert_internal) for mbed_assert_internal
    analogout_api.o(i.analogout_init) refers to mbed_pinmap_common.o(i.pinmap_pinout) for pinmap_pinout
    analogout_api.o(i.analogout_init) refers to analogout_api.o(.constdata) for .constdata
    analogout_api.o(i.analogout_init) refers to analogout_api.o(.conststring) for .conststring
    analogout_api.o(i.analogout_read) refers to fflt_clz.o(x$fpl$ffltu) for __aeabi_ui2f
    analogout_api.o(i.analogout_read) refers to fmul.o(x$fpl$fmul) for __aeabi_fmul
    analogout_api.o(i.analogout_write) refers to fmul.o(x$fpl$fmul) for __aeabi_fmul
    analogout_api.o(i.analogout_write) refers to ffix.o(x$fpl$ffix) for __aeabi_f2iz
    can_api.o(i.can_frequency) refers to system_LPC17xx.o(.data) for SystemCoreClock
    can_api.o(i.can_frequency) refers to can_api.o(.constdata) for .constdata
    can_api.o(i.can_init) refers to mbed_pinmap_common.o(i.pinmap_peripheral) for pinmap_peripheral
    can_api.o(i.can_init) refers to mbed_pinmap_common.o(i.pinmap_merge) for pinmap_merge
    can_api.o(i.can_init) refers to mbed_assert.o(i.mbed_assert_internal) for mbed_assert_internal
    can_api.o(i.can_init) refers to mbed_pinmap_common.o(i.pinmap_pinout) for pinmap_pinout
    can_api.o(i.can_init) refers to can_api.o(i.can_frequency) for can_frequency
    can_api.o(i.can_init) refers to can_api.o(.constdata) for .constdata
    can_api.o(i.can_init) refers to can_api.o(.conststring) for .conststring
    can_api.o(i.can_irq) refers to can_api.o(.data) for .data
    can_api.o(i.can_irq_free) refers to can_api.o(.data) for .data
    can_api.o(i.can_irq_init) refers to can_api.o(.data) for .data
    can_api.o(i.can_irq_n) refers to can_api.o(i.can_irq) for can_irq
    can_api.o(i.can_irq_set) refers to cmsis_nvic.o(i.__NVIC_SetVector) for __NVIC_SetVector
    can_api.o(i.can_irq_set) refers to can_api.o(i.can_irq_n) for can_irq_n
    can_api.o(i.can_read) refers to rt_memcpy_w.o(.text) for __aeabi_memcpy4
    can_api.o(i.can_write) refers to rt_memcpy_w.o(.text) for __aeabi_memcpy4
    cmsis_nvic.o(i.__NVIC_SetVector) refers to rt_memcpy_w.o(.text) for __aeabi_memcpy4
    ethernet_api.o(i.ethernet_address) refers to mbed_interface.o(i.mbed_mac_address) for mbed_mac_address
    ethernet_api.o(i.ethernet_init) refers to ethernet_api.o(i.phy_read) for phy_read
    ethernet_api.o(i.ethernet_init) refers to mbed_error.o(i.error) for error
    ethernet_api.o(i.ethernet_init) refers to ethernet_api.o(i.ethernet_set_link) for ethernet_set_link
    ethernet_api.o(i.ethernet_init) refers to mbed_interface.o(i.mbed_mac_address) for mbed_mac_address
    ethernet_api.o(i.ethernet_init) refers to system_LPC17xx.o(.data) for SystemCoreClock
    ethernet_api.o(i.ethernet_init) refers to ethernet_api.o(.data) for .data
    ethernet_api.o(i.ethernet_init) refers to ethernet_api.o(AHBSRAM1) for AHBSRAM1
    ethernet_api.o(i.ethernet_link) refers to ethernet_api.o(i.phy_read) for phy_read
    ethernet_api.o(i.ethernet_link) refers to ethernet_api.o(.data) for .data
    ethernet_api.o(i.ethernet_read) refers to rt_memcpy_v6.o(.text) for __aeabi_memcpy
    ethernet_api.o(i.ethernet_read) refers to ethernet_api.o(.data) for .data
    ethernet_api.o(i.ethernet_read) refers to ethernet_api.o(AHBSRAM1) for AHBSRAM1
    ethernet_api.o(i.ethernet_receive) refers to ethernet_api.o(.data) for .data
    ethernet_api.o(i.ethernet_receive) refers to ethernet_api.o(AHBSRAM1) for AHBSRAM1
    ethernet_api.o(i.ethernet_send) refers to ethernet_api.o(.data) for .data
    ethernet_api.o(i.ethernet_send) refers to ethernet_api.o(AHBSRAM1) for AHBSRAM1
    ethernet_api.o(i.ethernet_set_link) refers to ethernet_api.o(i.phy_read) for phy_read
    ethernet_api.o(i.ethernet_set_link) refers to ethernet_api.o(.data) for .data
[...]
    SerialInSerialOut<(unsigned)24, (unsigned)16>::tick()::string (instance 3) 0x000089ff   Data          26  main.o(.constdata__ZZN17SerialInSerialOutILj24ELj16EE4tickEvEs_1)
    SerialInSerialOut<(unsigned)24, (unsigned)16>::tick()::string (instance 4) 0x00008a19   Data          28  main.o(.constdata__ZZN17SerialInSerialOutILj24ELj16EE4tickEvEs_2)
    SerialInSerialOut<(unsigned)24, (unsigned)16>::tick()::string (instance 5) 0x00008a35   Data          30  main.o(.constdata__ZZN17SerialInSerialOutILj24ELj16EE4tickEvEs_3)
    void mbed::Callback<void()>::generate<void(*)()>(const T1&)::ops 0x00008a54   Data          12  SerialBase.o(.constdata__ZZN4mbed8CallbackIFvvEE8generateIPS1_EEvRKT_E3ops)
    __rw::__rw_locale_imp::_C_category_name(int) const::string 0x00008a60   Data           1  locale.o(.constdata__ZZNK4__rw15__rw_locale_imp16_C_category_nameEiEs)
    mbed::Callback<void()>::call() const::string 0x00008a61   Data           5  Ticker.o(.constdata__ZZNK4mbed8CallbackIFvvEE4callEvEs)
    mbed::Callback<void()>::call() const::string (instance 2) 0x00008a66   Data          87  Ticker.o(.constdata__ZZNK4mbed8CallbackIFvvEE4callEvEs_0)
    std::bitset<(unsigned)16>::test(unsigned) const::string 0x00008abd   Data           1  main.o(.constdata__ZZNKSt6bitsetILj16EE4testEjEs)
    std::bitset<(unsigned)24>::test(unsigned) const::string 0x00008abe   Data           1  mixercontroller.o(.constdata__ZZNKSt6bitsetILj24EE4testEjEs)
    std::basic_string<char, std::char_traits<char>, std::allocator<char>>::replace(unsigned, unsigned, const char*, unsigned, unsigned, unsigned)::string 0x00008abf   Data           1  char.o(.constdata__ZZNSs7replaceEjjPKcjjjEs)
    std::basic_string<char, std::char_traits<char>, std::allocator<char>>::_C_getRep(unsigned, unsigned)::string 0x00008ac0   Data           1  char.o(.constdata__ZZNSs9_C_getRepEjjEs)
    std::bitset<(unsigned)16>::set(unsigned, bool)::string 0x00008ac1   Data           1  mixercontroller.o(.constdata__ZZNSt6bitsetILj16EE3setEjbEs)
    std::bitset<(unsigned)24>::set(unsigned, bool)::string 0x00008ac2   Data           1  main.o(.constdata__ZZNSt6bitsetILj24EE3setEjbEs)
    std::messages<char>::messages(unsigned)::string 0x00008ac3   Data           2  rwstdexcept.o(.constdata__ZZNSt8messagesIcEC1EjEs)
    Region$$Table$$Base                      0x00008fc4   Number         0  anon$$obj.o(Region$$Table)
    Region$$Table$$Limit                     0x00008fe4   Number         0  anon$$obj.o(Region$$Table)
    __aeabi_HUGE_VAL                         0x00008fe4   Data           0  fpconst.o(c$$dinf)
    __aeabi_HUGE_VALL                        0x00008fe4   Data           0  fpconst.o(c$$dinf)
    __aeabi_INFINITY                         0x00008fe4   Data           0  fpconst.o(c$$dinf)
    __dInf                                   0x00008fe4   Data           0  fpconst.o(c$$dinf)
    __huge_val                               0x00008fe4   Data           0  fpconst.o(c$$dinf)
    __dbl_max                                0x00008fec   Data           0  fpconst.o(c$$dmax)
    __ctype                                  0x00009001   Data           0  lc_ctype_c.o(locale$$data)
    __lcnull_start                           0x0000912c   Data           4  null_locale.o(locale$$data)
    SHT$$INIT_ARRAY$$Base                    0x00009130   Number         0  main.o(.init_array)
    SHT$$INIT_ARRAY$$Limit                   0x00009140   Number         0  rwcats.o(.init_array)
    stdio_uart_inited                        0x100000d0   Data           4  serial_api.o(.data)
    stdio_uart                               0x100000d8   Data           8  serial_api.o(.data)
    SystemCoreClock                          0x100000e0   Data           4  system_LPC17xx.o(.data)
    us_ticker_inited                         0x100000e4   Data           4  us_ticker.o(.data)
    mbed::FileBase::_head                    0x100000fc   Data           4  FileBase.o(.data)
    mbed::FileBase::_mutex                   0x10000100   Data           8  FileBase.o(.data)
    __aeabi_stdin                            0x10000108   Data           4  stdio_streams.o(.data)
    __aeabi_stdout                           0x1000010c   Data           4  stdio_streams.o(.data)
    __aeabi_stderr                           0x10000110   Data           4  stdio_streams.o(.data)
    std::ctype<char>::id                     0x1000012c   Data           4  char.o(.data)
    std::ctype<wchar_t>::id                  0x10000130   Data           4  char.o(.data)
    std::locale::_C_classic                  0x1000013c   Data           4  locale.o(.data)
    std::locale::_C_native                   0x10000140   Data           4  locale.o(.data)
    std::locale::_C_global                   0x10000144   Data           4  locale.o(.data)
    std::codecvt<char, char, std::__mbstate_t>::id 0x10000148   Data           4  locale.o(.data)
    std::codecvt<wchar_t, char, std::__mbstate_t>::id 0x1000014c   Data           4  locale.o(.data)
    __rw_throw_proc                          0x10000150   Data           4  rwthrowproc_noex.o(.data)
    std::locale::id::_C_init() const::_C_id_gen 0x10000160   Data           4  locale.o(.data__ZZNKSt6locale2id7_C_initEvE9_C_id_gen)
    guard variable for std::__rw_get_cats()::__open_cats 0x10000164   Data           4  messages.o(.data__ZZSt13__rw_get_catsvE11__open_cats)
    std::__rw_get_cats()::__open_cats        0x10000168   Data           8  messages.o(.data__ZZSt13__rw_get_catsvE11__open_cats)
    __stdin                                  0x100003c4   Data          84  stdio_streams.o(.bss)
    __stdout                                 0x10000418   Data          84  stdio_streams.o(.bss)
    __stderr                                 0x1000046c   Data          84  stdio_streams.o(.bss)
    std::basic_string<char, std::char_traits<char>, std::allocator<char>>::__nullref 0x10000520   Data          16  vendor.o(.bss__ZNSs9__nullrefE)
    Image$$RW_IRAM1$$ZI$$Limit               0x10000530   Number         0  anon$$obj.o ABSOLUTE



==============================================================================

Memory Map of the image

  Image Entry point : 0x000000c5

  Load Region LR_IROM1 (Base: 0x00000000, Size: 0x000091e8, Max: 0x00080000, ABSOLUTE)

    Execution Region ER_IROM1 (Exec base: 0x00000000, Load base: 0x00000000, Size: 0x00009140, Max: 0x00080000, ABSOLUTE)

    Exec Addr    Load Addr    Size         Type   Attr      Idx    E Section Name        Object

    0x00000000   0x00000000   0x000000c4   Data   RO          493    RESET               startup_LPC17xx.o
    0x000000c4   0x000000c4   0x00000008   Code   RO         2285  * !!!main             c_w.l(__main.o)
    0x000000cc   0x000000cc   0x00000034   Code   RO         3979    !!!scatter          c_w.l(__scatter.o)
    0x00000100   0x00000100   0x0000001a   Code   RO         3981    !!handler_copy      c_w.l(__scatter_copy.o)
    0x0000011a   0x0000011a   0x00000002   PAD
    0x0000011c   0x0000011c   0x0000001c   Code   RO         3983    !!handler_zi        c_w.l(__scatter_zi.o)
    0x00000138   0x00000138   0x00000000   Code   RO         2221    .ARM.Collect$$_printf_percent$$00000000  c_w.l(_printf_percent.o)
    0x00000138   0x00000138   0x00000006   Code   RO         2778    .ARM.Collect$$_printf_percent$$00000001  c_w.l(_printf_n.o)
    0x0000013e   0x0000013e   0x00000006   Code   RO         2220    .ARM.Collect$$_printf_percent$$00000002  c_w.l(_printf_p.o)
    0x00000144   0x00000144   0x00000006   Code   RO         2784    .ARM.Collect$$_printf_percent$$00000003  c_w.l(_printf_f.o)
    0x0000014a   0x0000014a   0x00000006   Code   RO         2785    .ARM.Collect$$_printf_percent$$00000004  c_w.l(_printf_e.o)
    0x00000150   0x00000150   0x00000006   Code   RO         2786    .ARM.Collect$$_printf_percent$$00000005  c_w.l(_printf_g.o)
    0x00000156   0x00000156   0x00000006   Code   RO         2787    .ARM.Collect$$_printf_percent$$00000006  c_w.l(_printf_a.o)
    0x0000015c   0x0000015c   0x0000000a   Code   RO         2792    .ARM.Collect$$_printf_percent$$00000007  c_w.l(_printf_ll.o)
    0x00000166   0x00000166   0x00000006   Code   RO         2781    .ARM.Collect$$_printf_percent$$00000008  c_w.l(_printf_i.o)
    0x0000016c   0x0000016c   0x00000006   Code   RO         2782    .ARM.Collect$$_printf_percent$$00000009  c_w.l(_printf_d.o)
    0x00000172   0x00000172   0x00000006   Code   RO         2783    .ARM.Collect$$_printf_percent$$0000000A  c_w.l(_printf_u.o)
    0x00000178   0x00000178   0x00000006   Code   RO         2780    .ARM.Collect$$_printf_percent$$0000000B  c_w.l(_printf_o.o)
    0x0000017e   0x0000017e   0x00000006   Code   RO         2779    .ARM.Collect$$_printf_percent$$0000000C  c_w.l(_printf_x.o)
    0x00000184   0x00000184   0x00000006   Code   RO         2789    .ARM.Collect$$_printf_percent$$0000000D  c_w.l(_printf_lli.o)
    0x0000018a   0x0000018a   0x00000006   Code   RO         2790    .ARM.Collect$$_printf_percent$$0000000E  c_w.l(_printf_lld.o)
    0x00000190   0x00000190   0x00000006   Code   RO         2791    .ARM.Collect$$_printf_percent$$0000000F  c_w.l(_printf_llu.o)
    0x00000196   0x00000196   0x00000006   Code   RO         2796    .ARM.Collect$$_printf_percent$$00000010  c_w.l(_printf_llo.o)
    0x0000019c   0x0000019c   0x00000006   Code   RO         2797    .ARM.Collect$$_printf_percent$$00000011  c_w.l(_printf_llx.o)
    0x000001a2   0x000001a2   0x0000000a   Code   RO         2793    .ARM.Collect$$_printf_percent$$00000012  c_w.l(_printf_l.o)
    0x000001ac   0x000001ac   0x00000006   Code   RO         2776    .ARM.Collect$$_printf_percent$$00000013  c_w.l(_printf_c.o)
    0x000001b2   0x000001b2   0x00000006   Code   RO         2777    .ARM.Collect$$_printf_percent$$00000014  c_w.l(_printf_s.o)
    0x000001b8   0x000001b8   0x00000006   Code   RO         2794    .ARM.Collect$$_printf_percent$$00000015  c_w.l(_printf_lc.o)
    0x000001be   0x000001be   0x00000006   Code   RO         2795    .ARM.Collect$$_printf_percent$$00000016  c_w.l(_printf_ls.o)
    0x000001c4   0x000001c4   0x00000004   Code   RO         2788    .ARM.Collect$$_printf_percent$$00000017  c_w.l(_printf_percent_end.o)
    0x000001c8   0x000001c8   0x00000002   Code   RO         3844    .ARM.Collect$$libinit$$00000000  c_w.l(libinit.o)
    0x000001ca   0x000001ca   0x00000000   Code   RO         2861    .ARM.Collect$$libinit$$00000002  c_w.l(libinit2.o)
    0x000001ca   0x000001ca   0x00000000   Code   RO         2863    .ARM.Collect$$libinit$$00000004  c_w.l(libinit2.o)
    0x000001ca   0x000001ca   0x00000008   Code   RO         2864    .ARM.Collect$$libinit$$00000005  c_w.l(libinit2.o)
    0x000001d2   0x000001d2   0x00000000   Code   RO         2866    .ARM.Collect$$libinit$$0000000A  c_w.l(libinit2.o)
    0x000001d2   0x000001d2   0x00000000   Code   RO         2868    .ARM.Collect$$libinit$$0000000C  c_w.l(libinit2.o)
    0x000001d2   0x000001d2   0x00000000   Code   RO         2870    .ARM.Collect$$libinit$$0000000E  c_w.l(libinit2.o)
    0x000001d2   0x000001d2   0x00000006   Code   RO         2871    .ARM.Collect$$libinit$$0000000F  c_w.l(libinit2.o)
    0x000001d8   0x000001d8   0x00000000   Code   RO         2873    .ARM.Collect$$libinit$$00000011  c_w.l(libinit2.o)
    0x000001d8   0x000001d8   0x0000000c   Code   RO         2874    .ARM.Collect$$libinit$$00000012  c_w.l(libinit2.o)
    0x000001e4   0x000001e4   0x00000000   Code   RO         2875    .ARM.Collect$$libinit$$00000013  c_w.l(libinit2.o)
    0x000001e4   0x000001e4   0x00000000   Code   RO         2877    .ARM.Collect$$libinit$$00000015  c_w.l(libinit2.o)
    0x000001e4   0x000001e4   0x0000000a   Code   RO         2878    .ARM.Collect$$libinit$$00000016  c_w.l(libinit2.o)
    0x000001ee   0x000001ee   0x00000000   Code   RO         2879    .ARM.Collect$$libinit$$00000017  c_w.l(libinit2.o)
    0x000001ee   0x000001ee   0x00000000   Code   RO         2881    .ARM.Collect$$libinit$$00000019  c_w.l(libinit2.o)
    0x000001ee   0x000001ee   0x00000000   Code   RO         2883    .ARM.Collect$$libinit$$0000001B  c_w.l(libinit2.o)
    0x000001ee   0x000001ee   0x00000000   Code   RO         2885    .ARM.Collect$$libinit$$0000001D  c_w.l(libinit2.o)
    0x000001ee   0x000001ee   0x00000000   Code   RO         2887    .ARM.Collect$$libinit$$0000001F  c_w.l(libinit2.o)
    0x000001ee   0x000001ee   0x00000000   Code   RO         2889    .ARM.Collect$$libinit$$00000021  c_w.l(libinit2.o)
    0x000001ee   0x000001ee   0x00000000   Code   RO         2891    .ARM.Collect$$libinit$$00000023  c_w.l(libinit2.o)
    0x000001ee   0x000001ee   0x00000004   Code   RO         2892    .ARM.Collect$$libinit$$00000024  c_w.l(libinit2.o)
    0x000001f2   0x000001f2   0x00000000   Code   RO         2893    .ARM.Collect$$libinit$$00000025  c_w.l(libinit2.o)
    0x000001f2   0x000001f2   0x00000000   Code   RO         2897    .ARM.Collect$$libinit$$0000002C  c_w.l(libinit2.o)
    0x000001f2   0x000001f2   0x00000000   Code   RO         2899    .ARM.Collect$$libinit$$0000002E  c_w.l(libinit2.o)
    0x000001f2   0x000001f2   0x00000000   Code   RO         2901    .ARM.Collect$$libinit$$00000030  c_w.l(libinit2.o)
    0x000001f2   0x000001f2   0x00000004   Code   RO         2902    .ARM.Collect$$libinit$$00000031  c_w.l(libinit2.o)
    0x000001f6   0x000001f6   0x00000000   Code   RO         2903    .ARM.Collect$$libinit$$00000032  c_w.l(libinit2.o)
    0x000001f6   0x000001f6   0x00000002   Code   RO         2904    .ARM.Collect$$libinit$$00000033  c_w.l(libinit2.o)
    0x000001f8   0x000001f8   0x00000000   Code   RO         3616    .ARM.Collect$$libshutdown$$00000004  c_w.l(libshutdown2.o)
    0x000001f8   0x000001f8   0x00000000   Code   RO         2713    .ARM.Collect$$rtentry$$00000000  c_w.l(__rtentry.o)
    0x000001f8   0x000001f8   0x00000000   Code   RO         3485    .ARM.Collect$$rtentry$$00000002  c_w.l(__rtentry2.o)
    0x000001f8   0x000001f8   0x00000006   Code   RO         3497    .ARM.Collect$$rtentry$$00000004  c_w.l(__rtentry4.o)
    0x000001fe   0x000001fe   0x00000008   Code   RO         3486    .ARM.Collect$$rtentry$$00000008  c_w.l(__rtentry2.o)
    0x00000206   0x00000206   0x00000004   Code   RO         3488    .ARM.Collect$$rtentry$$0000000A  c_w.l(__rtentry2.o)
    0x0000020a   0x0000020a   0x00000000   Code   RO         3490    .ARM.Collect$$rtentry$$0000000C  c_w.l(__rtentry2.o)
    0x0000020a   0x0000020a   0x00000008   Code   RO         3491    .ARM.Collect$$rtentry$$0000000D  c_w.l(__rtentry2.o)
    0x00000212   0x00000212   0x00000002   PAD
    0x00000214   0x00000214   0x00000000   Code   RO         3507    .emb_text           c_w.l(maybetermalloc1.o)
    0x00000214   0x00000214   0x00000024   Code   RO          495    .text               startup_LPC17xx.o
    0x00000238   0x00000238   0x00000008   Code   RO         2100    .text               c_w.l(rt_errno_addr.o)
    0x00000240   0x00000240   0x0000005e   Code   RO         2109    .text               c_w.l(h1_alloc.o)
    0x0000029e   0x0000029e   0x0000004e   Code   RO         2111    .text               c_w.l(h1_free.o)
    0x000002ec   0x000002ec   0x0000000a   Code   RO         2171    .text               c_w.l(c89vfprintf.o)
    0x000002f6   0x000002f6   0x00000004   Code   RO         2723    .text               c_w.l(hguard.o)
    0x000002fa   0x000002fa   0x00000002   Code   RO         3762    .text               c_w.l(use_no_semi.o)
    0x000002fc   0x000002fc   0x00000004   Code   RO          494    .ARM.__at_0x02FC    startup_LPC17xx.o
    0x00000300   0x00000300   0x00000034   Code   RO         2169    .text               c_w.l(vsnprintf.o)
    0x00000334   0x00000334   0x0000002c   Code   RO         2173    .text               c_w.l(__2sprintf.o)
    0x00000360   0x00000360   0x00000094   Code   RO         2197    .text               c_w.l(_printf_hex_int_ll_ptr.o)
    0x000003f4   0x000003f4   0x00000188   Code   RO         2217    .text               c_w.l(__printf_flags_ss_wp.o)
    0x0000057c   0x0000057c   0x0000003c   Code   RO         2224    .text               c_w.l(__0sscanf.o)
    0x000005b8   0x000005b8   0x0000014c   Code   RO         2226    .text               c_w.l(_scanf_int.o)
    0x00000704   0x00000704   0x00000064   Code   RO         2228    .text               c_w.l(fflush.o)
    0x00000768   0x00000768   0x00000022   Code   RO         2240    .text               c_w.l(fputs.o)
    0x0000078a   0x0000078a   0x00000002   PAD
    0x0000078c   0x0000078c   0x000000ec   Code   RO         2242    .text               c_w.l(fopen.o)
    0x00000878   0x00000878   0x00000014   Code   RO         2244    .text               c_w.l(setbuf.o)
    0x0000088c   0x0000088c   0x0000004c   Code   RO         2252    .text               c_w.l(fclose.o)
    0x000008d8   0x000008d8   0x00000080   Code   RO         2264    .text               c_w.l(assert.o)
    0x00000958   0x00000958   0x0000003e   Code   RO         2266    .text               c_w.l(strlen.o)
    0x00000996   0x00000996   0x00000096   Code   RO         2268    .text               c_w.l(strncmp.o)
    0x00000a2c   0x00000a2c   0x0000008a   Code   RO         2270    .text               c_w.l(rt_memcpy_v6.o)
    0x00000ab6   0x00000ab6   0x00000064   Code   RO         2272    .text               c_w.l(rt_memcpy_w.o)
    0x00000b1a   0x00000b1a   0x0000004e   Code   RO         2276    .text               c_w.l(rt_memclr_w.o)
    0x00000b68   0x00000b68   0x00000080   Code   RO         2278    .text               c_w.l(strcmpv7m.o)
    0x00000be8   0x00000be8   0x00000024   Code   RO         2290    .text               c_w.l(init_aeabi.o)
    0x00000c0c   0x00000c0c   0x00000022   Code   RO         2664    .text               cpprt_w.l(aeabi_vec_dtor_noexceptions.o)
    0x00000c2e   0x00000c2e   0x00000002   PAD
    0x00000c30   0x00000c30   0x00000008   Code   RO         2718    .text               c_w.l(rt_heap_descriptor.o)
    0x00000c38   0x00000c38   0x0000008a   Code   RO         2725    .text               c_w.l(init_alloc.o)
    0x00000cc2   0x00000cc2   0x0000000e   Code   RO         2729    .text               c_w.l(h1_init.o)
    0x00000cd0   0x00000cd0   0x00000014   Code   RO         2743    .text               c_w.l(fprintf.o)
    0x00000ce4   0x00000ce4   0x0000004e   Code   RO         2745    .text               c_w.l(_printf_pad.o)
    0x00000d32   0x00000d32   0x00000024   Code   RO         2747    .text               c_w.l(_printf_truncate.o)
    0x00000d56   0x00000d56   0x00000052   Code   RO         2749    .text               c_w.l(_printf_str.o)
    0x00000da8   0x00000da8   0x000000b2   Code   RO         2751    .text               c_w.l(_printf_intcommon.o)
    0x00000e5a   0x00000e5a   0x00000002   PAD
    0x00000e5c   0x00000e5c   0x00000078   Code   RO         2753    .text               c_w.l(_printf_dec.o)
    0x00000ed4   0x00000ed4   0x00000028   Code   RO         2755    .text               c_w.l(_printf_charcount.o)
    0x00000efc   0x00000efc   0x00000030   Code   RO         2757    .text               c_w.l(_printf_char_common.o)
    0x00000f2c   0x00000f2c   0x0000000a   Code   RO         2759    .text               c_w.l(_sputc.o)
    0x00000f36   0x00000f36   0x00000010   Code   RO         2761    .text               c_w.l(_snputc.o)
    0x00000f46   0x00000f46   0x00000002   PAD
    0x00000f48   0x00000f48   0x00000024   Code   RO         2763    .text               c_w.l(_printf_char_file.o)
    0x00000f6c   0x00000f6c   0x000000bc   Code   RO         2765    .text               c_w.l(_printf_wctomb.o)
    0x00001028   0x00001028   0x0000007c   Code   RO         2768    .text               c_w.l(_printf_longlong_dec.o)
    0x000010a4   0x000010a4   0x00000070   Code   RO         2774    .text               c_w.l(_printf_oct_int_ll.o)
    0x00001114   0x00001114   0x0000003c   Code   RO         2798    .text               c_w.l(sscanf.o)
    0x00001150   0x00001150   0x0000001c   Code   RO         2800    .text               c_w.l(_chval.o)
    0x0000116c   0x0000116c   0x00000156   Code   RO         2802    .text               c_w.l(_scanf_longlong.o)
    0x000012c2   0x000012c2   0x000000e0   Code   RO         2804    .text               c_w.l(_scanf_str.o)
    0x000013a2   0x000013a2   0x00000002   PAD
    0x000013a4   0x000013a4   0x0000002c   Code   RO         2806    .text               c_w.l(scanf_char.o)
    0x000013d0   0x000013d0   0x00000040   Code   RO         2808    .text               c_w.l(_sgetc.o)
    0x00001410   0x00001410   0x00000114   Code   RO         2812    .text               c_w.l(_scanf_mbtowc.o)
    0x00001524   0x00001524   0x000000e8   Code   RO         2814    .text               c_w.l(_scanf_wctomb.o)
    0x0000160c   0x0000160c   0x000000d0   Code   RO         2816    .text               c_w.l(_scanf_wstr.o)
    0x000016dc   0x000016dc   0x00000008   Code   RO         2818    .text               c_w.l(ferror.o)
    0x000016e4   0x000016e4   0x000001d6   Code   RO         2822    .text               c_w.l(flsbuf.o)
    0x000018ba   0x000018ba   0x00000002   PAD
    0x000018bc   0x000018bc   0x000000f8   Code   RO         2824    .text               c_w.l(fseek.o)
    0x000019b4   0x000019b4   0x00000046   Code   RO         2826    .text               c_w.l(setvbuf.o)
    0x000019fa   0x000019fa   0x00000002   PAD
    0x000019fc   0x000019fc   0x000000f0   Code   RO         2828    .text               c_w.l(stdio.o)
    0x00001aec   0x00001aec   0x00000138   Code   RO         2831    .text               c_w.l(initio.o)
    0x00001c24   0x00001c24   0x00000016   Code   RO         2839    .text               c_w.l(abort.o)
    0x00001c3a   0x00001c3a   0x0000000e   Code   RO         2841    .text               c_w.l(defsig_pvfn_outer.o)
    0x00001c48   0x00001c48   0x00000048   Code   RO         2847    .text               c_w.l(strcpy.o)
    0x00001c90   0x00001c90   0x00000016   Code   RO         2849    .text               c_w.l(strrchr.o)
    0x00001ca6   0x00001ca6   0x00000018   Code   RO         2851    .text               c_w.l(strcat.o)
    0x00001cbe   0x00001cbe   0x00000084   Code   RO         2853    .text               c_w.l(rt_memmove_v6.o)
    0x00001d42   0x00001d42   0x0000000e   Code   RO         3435    .text               cpprt_w.l(aeabi_vec_delete_noexceptions.o)
    0x00001d50   0x00001d50   0x0000000e   Code   RO         3480    .text               c_w.l(sys_wrch.o)
    0x00001d5e   0x00001d5e   0x00000002   PAD
    0x00001d60   0x00001d60   0x0000000c   Code   RO         3482    .text               c_w.l(sys_exit.o)
    0x00001d6c   0x00001d6c   0x00000010   Code   RO         3499    .text               c_w.l(rt_ctype_table.o)
    0x00001d7c   0x00001d7c   0x00000034   Code   RO         3509    .text               c_w.l(h1_extend.o)
    0x00001db0   0x00001db0   0x0000008a   Code   RO         3513    .text               c_w.l(lludiv10.o)
    0x00001e3a   0x00001e3a   0x00000012   Code   RO         3515    .text               c_w.l(isspace.o)
    0x00001e4c   0x00001e4c   0x0000041e   Code   RO         3517    .text               c_w.l(_printf_fp_dec.o)
    0x0000226a   0x0000226a   0x00000002   PAD
    0x0000226c   0x0000226c   0x000002fc   Code   RO         3519    .text               c_w.l(_printf_fp_hex.o)
    0x00002568   0x00002568   0x0000002c   Code   RO         3524    .text               c_w.l(_printf_char.o)
    0x00002594   0x00002594   0x0000002c   Code   RO         3528    .text               c_w.l(_printf_wchar.o)
    0x000025c0   0x000025c0   0x00000374   Code   RO         3530    .text               c_w.l(_scanf.o)
    0x00002934   0x00002934   0x000004f8   Code   RO         3532    .text               c_w.l(scanf_fp.o)
    0x00002e2c   0x00002e2c   0x0000001e   Code   RO         3536    .text               c_w.l(_scanf_wcharmap.o)
    0x00002e4a   0x00002e4a   0x00000042   Code   RO         3540    .text               c_w.l(ftell.o)
    0x00002e8c   0x00002e8c   0x00000010   Code   RO         3564    .text               c_w.l(locale.o)
    0x00002e9c   0x00002e9c   0x0000003c   Code   RO         3574    .text               c_w.l(_mbrtowc.o)
    0x00002ed8   0x00002ed8   0x00000040   Code   RO         3576    .text               c_w.l(_wcrtomb.o)
    0x00002f18   0x00002f18   0x0000000a   Code   RO         3580    .text               c_w.l(defsig_exit.o)
    0x00002f22   0x00002f22   0x0000000e   Code   RO         3582    .text               c_w.l(defsig_abrt_outer.o)
    0x00002f30   0x00002f30   0x0000000e   Code   RO         3586    .text               c_w.l(defsig_rtred_outer.o)
    0x00002f3e   0x00002f3e   0x0000000e   Code   RO         3590    .text               c_w.l(defsig_rtmem_outer.o)
    0x00002f4c   0x00002f4c   0x00000030   Code   RO         3594    .text               c_w.l(defsig_pvfn_inner.o)
    0x00002f7c   0x00002f7c   0x00000018   Code   RO         3596    .text               c_w.l(assert_stdio.o)
    0x00002f94   0x00002f94   0x00000008   Code   RO         3602    .text               c_w.l(memcpy.o)
    0x00002f9c   0x00002f9c   0x0000007a   Code   RO         3604    .text               c_w.l(rt_memmove_w.o)
    0x00003016   0x00003016   0x00000002   PAD
    0x00003018   0x00003018   0x00000050   Code   RO         3606    .text               c_w.l(heapauxa.o)
    0x00003068   0x00003068   0x0000001a   Code   RO         3742    .text               cpprt_w.l(arm_exceptions_terminate.o)
    0x00003082   0x00003082   0x00000002   PAD
    0x00003084   0x00003084   0x00000050   Code   RO         3752    .text               cpprt_w.l(arm_exceptions_globs.o)
    0x000030d4   0x000030d4   0x00000000   Code   RO         3764    .text               c_w.l(indicate_semi.o)
    0x000030d4   0x000030d4   0x00000008   Code   RO         3765    .text               c_w.l(rt_locale.o)
    0x000030dc   0x000030dc   0x00000008   Code   RO         3770    .text               c_w.l(rt_eh_globals_addr.o)
    0x000030e4   0x000030e4   0x00000080   Code   RO         3779    .text               c_w.l(_printf_fp_infnan.o)
    0x00003164   0x00003164   0x000000e4   Code   RO         3783    .text               c_w.l(bigflt0.o)
    0x00003248   0x00003248   0x000001b8   Code   RO         3812    .text               c_w.l(locale_r.o)
    0x00003400   0x00003400   0x00000032   Code   RO         3825    .text               c_w.l(defsig_general.o)
    0x00003432   0x00003432   0x00000002   PAD
    0x00003434   0x00003434   0x00000030   Code   RO         3827    .text               c_w.l(defsig_abrt_inner.o)
    0x00003464   0x00003464   0x00000034   Code   RO         3833    .text               c_w.l(defsig_rtred_inner.o)
    0x00003498   0x00003498   0x00000050   Code   RO         3835    .text               c_w.l(defsig_rtmem_inner.o)
    0x000034e8   0x000034e8   0x00000002   Code   RO         3845    .text               cpprt_w.l(arm_rethrow_noexceptions.o)
    0x000034ea   0x000034ea   0x0000003c   Code   RO         3854    .text               cpprt_w.l(arm_exceptions_mem.o)
    0x00003526   0x00003526   0x00000016   Code   RO         3892    .text               c_w.l(_rserrno.o)
    0x0000353c   0x0000353c   0x00000320   Code   RO         3894    .text               c_w.l(scanf_hexfp.o)
    0x0000385c   0x0000385c   0x00000134   Code   RO         3896    .text               c_w.l(scanf_infnan.o)
    0x00003990   0x00003990   0x00000026   Code   RO         3922    .text               c_w.l(llshl.o)
    0x000039b6   0x000039b6   0x0000001c   Code   RO         3934    .text               cpprt_w.l(ARM_vec_cleanup_noexceptions.o)
    0x000039d2   0x000039d2   0x0000003e   Code   RO         3786    CL$$btod_d2e        c_w.l(btod.o)
    0x00003a10   0x00003a10   0x00000046   Code   RO         3788    CL$$btod_d2e_denorm_low  c_w.l(btod.o)
    0x00003a56   0x00003a56   0x00000060   Code   RO         3787    CL$$btod_d2e_norm_op1  c_w.l(btod.o)
    0x00003ab6   0x00003ab6   0x00000338   Code   RO         3796    CL$$btod_div_common  c_w.l(btod.o)
    0x00003dee   0x00003dee   0x00000002   PAD
    0x00003df0   0x00003df0   0x00000084   Code   RO         3794    CL$$btod_e2d        c_w.l(btod.o)
    0x00003e74   0x00003e74   0x000000dc   Code   RO         3793    CL$$btod_e2e        c_w.l(btod.o)
    0x00003f50   0x00003f50   0x0000002a   Code   RO         3790    CL$$btod_ediv       c_w.l(btod.o)
    0x00003f7a   0x00003f7a   0x0000002a   Code   RO         3792    CL$$btod_edivd      c_w.l(btod.o)
    0x00003fa4   0x00003fa4   0x0000002a   Code   RO         3789    CL$$btod_emul       c_w.l(btod.o)
    0x00003fce   0x00003fce   0x0000002a   Code   RO         3791    CL$$btod_emuld      c_w.l(btod.o)
    0x00003ff8   0x00003ff8   0x00000244   Code   RO         3795    CL$$btod_mult_common  c_w.l(btod.o)
    0x0000423c   0x0000423c   0x0000000e   Code   RO          203    i.$Sub$$main        mbed_retarget.o
    0x0000424a   0x0000424a   0x00000006   Code   RO         1807    i.<Func1>           mbed.ar(SerialBase.o)
    0x00004250   0x00004250   0x00000014   Code   RO         3165    i.<Func5>           cpp_ws.l(locale.o)
    0x00004264   0x00004264   0x000000a0   Code   RO          504    i.SystemInit        system_LPC17xx.o
    0x00004304   0x00004304   0x00000030   Code   RO          531    i._Z16mixerButCallbackPvSt6bitsetILj24EE  main.o
    0x00004334   0x00004334   0x0000003c   Code   RO          532    i._Z16mixerCutCallbackPv  main.o
    0x00004370   0x00004370   0x00000034   Code   RO          533    i._Z16mixerLedCallbackPvSt6bitsetILj16EE  main.o
    0x000043a4   0x000043a4   0x00000040   Code   RO          534    i._Z16mixerPgmCallbackPvj  main.o
    0x000043e4   0x000043e4   0x00000040   Code   RO          535    i._Z16mixerPvwCallbackPvj  main.o
    0x00004424   0x00004424   0x0000000c   Code   RO          536    i._Z16serialIOClkEventv  main.o
    0x00004430   0x00004430   0x0000003c   Code   RO          537    i._Z18mixerTransCallbackPv  main.o
    0x0000446c   0x0000446c   0x00000020   Code   RO         3629    i._Z7catgetsPN4__rw8__rw_catEiiPKc  cpp_ws.l(rwcats.o)
    0x0000448c   0x0000448c   0x00000022   Code   RO         3630    i._Z7catopenPKci    cpp_ws.l(rwcats.o)
    0x000044ae   0x000044ae   0x00000002   PAD
    0x000044b0   0x000044b0   0x00000080   Code   RO          538    i._Z9gpio_readP6gpio_t  main.o
    0x00004530   0x00004530   0x00000004   Code   RO         1261    i._ZN15MixerController14setCutCallbackEPFvPvE  mixercontroller.o
    0x00004534   0x00004534   0x00000004   Code   RO         1262    i._ZN15MixerController14setLedCallbackEPFvPvSt6bitsetILj16EEE  mixercontroller.o
    0x00004538   0x00004538   0x00000004   Code   RO         1263    i._ZN15MixerController17setCutUserPointerEPv  mixercontroller.o
    0x0000453c   0x0000453c   0x00000004   Code   RO         1264    i._ZN15MixerController17setLedUserPointerEPv  mixercontroller.o
    0x00004540   0x00004540   0x00000004   Code   RO         1265    i._ZN15MixerController18setPreviewCallbackEPFvPvjE  mixercontroller.o
    0x00004544   0x00004544   0x00000004   Code   RO         1266    i._ZN15MixerController18setProgramCallbackEPFvPvjE  mixercontroller.o
    0x00004548   0x00004548   0x00000004   Code   RO         1267    i._ZN15MixerController21setPreviewUserPointerEPv  mixercontroller.o
    0x0000454c   0x0000454c   0x00000004   Code   RO         1268    i._ZN15MixerController21setProgramUserPointerEPv  mixercontroller.o
    0x00004550   0x00004550   0x00000004   Code   RO         1269    i._ZN15MixerController21setTransitionCallbackEPFvPvE  mixercontroller.o
    0x00004554   0x00004554   0x00000004   Code   RO         1270    i._ZN15MixerController24setTransitionUserPointerEPv  mixercontroller.o
    0x00004558   0x00004558   0x00000116   Code   RO         1271    i._ZN15MixerController7processESt6bitsetILj24EE  mixercontroller.o
    0x0000466e   0x0000466e   0x0000004e   Code   RO         1272    i._ZN15MixerControllerC1EPvPFvS0_St6bitsetILj16EEES0_PFvS0_jES0_S6_S0_PFvS0_ES0_S8_  mixercontroller.o
    0x000046bc   0x000046bc   0x00000058   Code   RO         2293    i._ZN37_INTERNAL_15_rwstdexcept_cpp_8697b68a4__rw13__rw_vfmatstrEPcjPKcSt9__va_list  cpp_ws.l(rwstdexcept.o)
    0x00004714   0x00004714   0x0000014c   Code   RO         2294    i._ZN37_INTERNAL_15_rwstdexcept_cpp_8697b68a4__rw13__rw_vfmatstrEPcjiSt9__va_list  cpp_ws.l(rwstdexcept.o)
    0x00004860   0x00004860   0x0000005c   Code   RO         2296    i._ZN4__rw10__rw_throwEiz  cpp_ws.l(rwstdexcept.o)
    0x000048bc   0x000048bc   0x00000020   Code   RO         3394    i._ZN4__rw13__rw_allocateEji  cpp_ws.l(rwalloc.o)
    0x000048dc   0x000048dc   0x00000004   Code   RO         3395    i._ZN4__rw15__rw_deallocateEPvji  cpp_ws.l(rwalloc.o)
    0x000048e0   0x000048e0   0x00000002   Code   RO         3112    i._ZN4__rw15__rw_facet_base12_C_initfacetERKSt6locale  cpp_ws.l(char.o)
    0x000048e2   0x000048e2   0x00000002   PAD
    0x000048e4   0x000048e4   0x000000ec   Code   RO         3268    i._ZN4__rw15__rw_locale_impC1EPKcjj  cpp_ws.l(locale.o)
    0x000049d0   0x000049d0   0x0000001a   Code   RO         3306    i._ZN4__rw15__rw_locale_impD1Ev  cpp_ws.l(locale.o)
    0x000049ea   0x000049ea   0x0000003a   Code   RO         3166    i._ZN4__rw21__rw_use_c_lib_localeC1EPKci  cpp_ws.l(locale.o)
    0x00004a24   0x00004a24   0x00000018   Code   RO         3082    i._ZN4__rw21__rw_use_c_lib_localeD1Ev  cpp_ws.l(char.o)
    0x00004a3c   0x00004a3c   0x00000098   Code   RO         3653    i._ZN4__rw25__rw_throw_exception_noexEiPc  cpp_ws.l(rwthrowproc_impl_noex.o)
    0x00004ad4   0x00004ad4   0x00000030   Code   RO         3633    i._ZN4__rw9__catfindEPNS_8__rw_catE  cpp_ws.l(rwcats.o)
    0x00004b04   0x00004b04   0x00000088   Code   RO          669    i._ZN4mbed10DigitalOut5writeEi  main.o
    0x00004b8c   0x00004b8c   0x0000001e   Code   RO          675    i._ZN4mbed10DigitalOutC1E7PinNamei  main.o
    0x00004baa   0x00004baa   0x00000012   Code   RO          624    i._ZN4mbed10DigitalOutaSEi  main.o
    0x00004bbc   0x00004bbc   0x0000000e   Code   RO          636    i._ZN4mbed10DigitalOutcviEv  main.o
    0x00004bca   0x00004bca   0x0000000e   Code   RO         1809    i._ZN4mbed10SerialBase10_base_putcEi  mbed.ar(SerialBase.o)
    0x00004bd8   0x00004bd8   0x00000030   Code   RO         1811    i._ZN4mbed10SerialBase12_irq_handlerEj9SerialIrq  mbed.ar(SerialBase.o)
    0x00004c08   0x00004c08   0x00000024   Code   RO         1813    i._ZN4mbed10SerialBase4baudEi  mbed.ar(SerialBase.o)
    0x00004c2c   0x00004c2c   0x00000002   Code   RO         1814    i._ZN4mbed10SerialBase4lockEv  mbed.ar(SerialBase.o)
    0x00004c2e   0x00004c2e   0x0000002e   Code   RO         1816    i._ZN4mbed10SerialBase6formatEiNS0_6ParityEi  mbed.ar(SerialBase.o)
    0x00004c5c   0x00004c5c   0x00000002   Code   RO         1817    i._ZN4mbed10SerialBase6unlockEv  mbed.ar(SerialBase.o)
    0x00004c5e   0x00004c5e   0x00000002   PAD
    0x00004c60   0x00004c60   0x000000b0   Code   RO         1820    i._ZN4mbed10SerialBaseC1E7PinNameS1_i  mbed.ar(SerialBase.o)
    0x00004d10   0x00004d10   0x00000006   Code   RO         1579    i._ZN4mbed10TimerEvent3irqEj  mbed.ar(TimerEvent.o)
    0x00004d16   0x00004d16   0x00000010   Code   RO         1580    i._ZN4mbed10TimerEvent6insertEj  mbed.ar(TimerEvent.o)
    0x00004d26   0x00004d26   0x0000000a   Code   RO         1581    i._ZN4mbed10TimerEvent6removeEv  mbed.ar(TimerEvent.o)
    0x00004d30   0x00004d30   0x00000028   Code   RO         1583    i._ZN4mbed10TimerEventC2Ev  mbed.ar(TimerEvent.o)
    0x00004d58   0x00004d58   0x00000018   Code   RO         1585    i._ZN4mbed10TimerEventD2Ev  mbed.ar(TimerEvent.o)
    0x00004d70   0x00004d70   0x00000070   Code   RO          204    i._ZN4mbed17remove_filehandleEPNS_8FileLikeE  mbed_retarget.o
    0x00004de0   0x00004de0   0x00000006   Code   RO          205    i._ZN4mbed26mbed_set_unbuffered_streamEPSt6__FILE  mbed_retarget.o
    0x00004de6   0x00004de6   0x00000002   Code   RO         1711    i._ZN4mbed6Serial4lockEv  mbed.ar(Serial.o)
    0x00004de8   0x00004de8   0x00000002   Code   RO         1714    i._ZN4mbed6Serial6unlockEv  mbed.ar(Serial.o)
    0x00004dea   0x00004dea   0x00000002   PAD
    0x00004dec   0x00004dec   0x00000024   Code   RO         1715    i._ZN4mbed6SerialC1E7PinNameS1_PKci  mbed.ar(Serial.o)
    0x00004e10   0x00004e10   0x00000034   Code   RO         1747    i._ZN4mbed6SerialD1Ev  mbed.ar(Serial.o)
    0x00004e44   0x00004e44   0x00000004   Code   RO         1616    i._ZN4mbed6Stream4seekEli  mbed.ar(Stream.o)
    0x00004e48   0x00004e48   0x00000004   Code   RO         1617    i._ZN4mbed6Stream4sizeEv  mbed.ar(Stream.o)
    0x00004e4c   0x00004e4c   0x00000004   Code   RO         1620    i._ZN4mbed6Stream5closeEv  mbed.ar(Stream.o)
    0x00004e50   0x00004e50   0x0000003c   Code   RO         1622    i._ZN4mbed6Stream5writeEPKvj  mbed.ar(Stream.o)
    0x00004e8c   0x00004e8c   0x00000004   Code   RO         1623    i._ZN4mbed6Stream6isattyEv  mbed.ar(Stream.o)
    0x00004e90   0x00004e90   0x00000032   Code   RO         1624    i._ZN4mbed6Stream6printfEPKcz  mbed.ar(Stream.o)
    0x00004ec2   0x00004ec2   0x00000002   PAD
    0x00004ec4   0x00004ec4   0x00000040   Code   RO         1628    i._ZN4mbed6StreamC2EPKc  mbed.ar(Stream.o)
    0x00004f04   0x00004f04   0x0000001c   Code   RO         1630    i._ZN4mbed6StreamD2Ev  mbed.ar(Stream.o)
    0x00004f20   0x00004f20   0x0000002a   Code   RO         1767    i._ZN4mbed6Ticker5setupEj  mbed.ar(Ticker.o)
    0x00004f4a   0x00004f4a   0x00000002   PAD
    0x00004f4c   0x00004f4c   0x00000038   Code   RO         1769    i._ZN4mbed6Ticker7handlerEv  mbed.ar(Ticker.o)
    0x00004f84   0x00004f84   0x0000004c   Code   RO          648    i._ZN4mbed6Ticker9attach_usENS_8CallbackIFvvEEEj  main.o
    0x00004fd0   0x00004fd0   0x00000070   Code   RO         1783    i._ZN4mbed6TickerD1Ev  mbed.ar(Ticker.o)
    0x00005040   0x00005040   0x00000004   Code   RO         2048    i._ZN4mbed8FileBase11getPathTypeEv  mbed.ar(FileBase.o)
    0x00005044   0x00005044   0x0000006c   Code   RO         2050    i._ZN4mbed8FileBase6lookupEPKcj  mbed.ar(FileBase.o)
    0x000050b0   0x000050b0   0x00000040   Code   RO         2052    i._ZN4mbed8FileBaseC1EPKcNS_8PathTypeE  mbed.ar(FileBase.o)
    0x000050f0   0x000050f0   0x00000054   Code   RO         2054    i._ZN4mbed8FileBaseD1Ev  mbed.ar(FileBase.o)
    0x00005144   0x00005144   0x00000002   Code   RO         1698    i._ZN4mbed8FileLike4lockEv  mbed.ar(Stream.o)
    0x00005146   0x00005146   0x00000002   Code   RO         1701    i._ZN4mbed8FileLike6unlockEv  mbed.ar(Stream.o)
    0x00005148   0x00005148   0x00000018   Code   RO         1554    i._ZN4mbed8FilePath4fileEv  mbed.ar(FilePath.o)
    0x00005160   0x00005160   0x0000000a   Code   RO         1555    i._ZN4mbed8FilePath6existsEv  mbed.ar(FilePath.o)
    0x0000516a   0x0000516a   0x00000018   Code   RO         1556    i._ZN4mbed8FilePath6isFileEv  mbed.ar(FilePath.o)
    0x00005182   0x00005182   0x00000040   Code   RO         1558    i._ZN4mbed8FilePathC1EPKc  mbed.ar(FilePath.o)
    0x000051c2   0x000051c2   0x00000002   Code   RO         1821    i._ZN4mbed9donothingEv  mbed.ar(SerialBase.o)
    0x000051c4   0x000051c4   0x00000004   Code   RO         2552    i._ZNKSt14__rw_exception4whatEv  cpp_ws.l(rwstdexcept.o)
    0x000051c8   0x000051c8   0x00000072   Code   RO         3343    i._ZNKSt18__rw_messages_base11_C_cat_openERKSsRKSt6locale  cpp_ws.l(messages.o)
    0x0000523a   0x0000523a   0x00000020   Code   RO         3346    i._ZNKSt18__rw_messages_base13_C_get_localeEi  cpp_ws.l(messages.o)
    0x0000525a   0x0000525a   0x00000034   Code   RO         3347    i._ZNKSt18__rw_messages_base14_C_get_messageEiii  cpp_ws.l(messages.o)
    0x0000528e   0x0000528e   0x0000000e   Code   RO         3052    i._ZNKSt5ctypeIcE2isENSt10ctype_base4maskEc  cpp_ws.l(char.o)
    0x0000529c   0x0000529c   0x00000108   Code   RO         3171    i._ZNKSt6locale13_C_make_facetERKNS_2idEbiPFPN4__rw15__rw_facet_baseEiPKcjE  cpp_ws.l(locale.o)
    0x000053a4   0x000053a4   0x00000074   Code   RO         3173    i._ZNKSt6locale16_C_install_facetEPN4__rw15__rw_facet_baseERKNS_2idE  cpp_ws.l(locale.o)
    0x00005418   0x00005418   0x00000030   Code   RO         3174    i._ZNKSt6locale4nameEv  cpp_ws.l(locale.o)
    0x00005448   0x00005448   0x0000000c   Code   RO         3027    i._ZNSt11char_traitsIcE4copyEPcPKcj  cpp_ws.l(char.o)
    0x00005454   0x00005454   0x000000cc   Code   RO         2913    i._ZNSt12ctype_bynameIcE17_C_get_mask_tableEPKc  cpp_ws.l(char.o)
    0x00005520   0x00005520   0x00000120   Code   RO         2915    i._ZNSt12ctype_bynameIcEC1EPKcj  cpp_ws.l(char.o)
    0x00005640   0x00005640   0x0000000e   Code   RO         3159    i._ZNSt12ctype_bynameIcED0Ev  cpp_ws.l(char.o)
    0x0000564e   0x0000564e   0x00000008   Code   RO         3156    i._ZNSt12ctype_bynameIcED1Ev  cpp_ws.l(char.o)
    0x00005656   0x00005656   0x00000002   PAD
    0x00005658   0x00005658   0x00000084   Code   RO         2299    i._ZNSt14__rw_exception10_C_vformatEiSt9__va_list  cpp_ws.l(rwstdexcept.o)
    0x000056dc   0x000056dc   0x00000014   Code   RO         2444    i._ZNSt14__rw_exceptionC1Ev  cpp_ws.l(rwstdexcept.o)
    0x000056f0   0x000056f0   0x0000001c   Code   RO         2546    i._ZNSt14__rw_exceptionD1Ev  cpp_ws.l(rwstdexcept.o)
    0x0000570c   0x0000570c   0x00000008   Code   RO         2438    i._ZNSt18__rw_messages_baseD1Ev  cpp_ws.l(rwstdexcept.o)
    0x00005714   0x00005714   0x0000001a   Code   RO         3383    i._ZNSt18__rw_open_cat_dataC1Ev  cpp_ws.l(messages.o)
    0x0000572e   0x0000572e   0x0000000c   Code   RO         3380    i._ZNSt18__rw_open_cat_dataD1Ev  cpp_ws.l(messages.o)
    0x0000573a   0x0000573a   0x00000012   Code   RO         3386    i._ZNSt18__rw_open_cat_dataaSERKS_  cpp_ws.l(messages.o)
    0x0000574c   0x0000574c   0x000000fa   Code   RO         2917    i._ZNSt5ctypeIcE12_C_initfacetERKSt6locale  cpp_ws.l(char.o)
    0x00005846   0x00005846   0x00000002   PAD
    0x00005848   0x00005848   0x00000118   Code   RO         2919    i._ZNSt5ctypeIcEC1EPKNSt10ctype_base4maskEbj  cpp_ws.l(char.o)
    0x00005960   0x00005960   0x0000000e   Code   RO         3055    i._ZNSt5ctypeIcED0Ev  cpp_ws.l(char.o)
    0x0000596e   0x0000596e   0x00000002   PAD
    0x00005970   0x00005970   0x0000002c   Code   RO         2984    i._ZNSt5ctypeIcED1Ev  cpp_ws.l(char.o)
    0x0000599c   0x0000599c   0x0000000e   Code   RO         2543    i._ZNSt6locale5facetD0Ev  cpp_ws.l(rwstdexcept.o)
    0x000059aa   0x000059aa   0x00000002   PAD
    0x000059ac   0x000059ac   0x00000084   Code   RO         3177    i._ZNSt6locale7_C_initEv  cpp_ws.l(locale.o)
    0x00005a30   0x00005a30   0x00000044   Code   RO         3179    i._ZNSt6locale7classicEv  cpp_ws.l(locale.o)
    0x00005a74   0x00005a74   0x00000020   Code   RO         3309    i._ZNSt6localeC1EPN4__rw15__rw_locale_impE  cpp_ws.l(locale.o)
    0x00005a94   0x00005a94   0x0000000c   Code   RO         3389    i._ZNSt6localeC1ERKS_  cpp_ws.l(messages.o)
    0x00005aa0   0x00005aa0   0x00000020   Code   RO         2434    i._ZNSt6localeC1Ev  cpp_ws.l(rwstdexcept.o)
    0x00005ac0   0x00005ac0   0x00000020   Code   RO         3284    i._ZNSt6localeD1Ev  cpp_ws.l(locale.o)
    0x00005ae0   0x00005ae0   0x00000032   Code   RO         3187    i._ZNSt6localeaSERKS_  cpp_ws.l(locale.o)
    0x00005b12   0x00005b12   0x0000000e   Code   RO         2486    i._ZNSt8messagesIcED0Ev  cpp_ws.l(rwstdexcept.o)
    0x00005b20   0x00005b20   0x00000010   Code   RO         2403    i._ZNSt8messagesIcED1Ev  cpp_ws.l(rwstdexcept.o)
    0x00005b30   0x00005b30   0x0000000c   Code   RO         3412    i._ZNSt9exceptionC1Ev  cpprt_w.l(exception_ctor.o)
    0x00005b3c   0x00005b3c   0x0000003c   Code   RO         3364    i._ZSt13__rw_get_catsv  cpp_ws.l(messages.o)
    0x00005b78   0x00005b78   0x00000002   Code   RO         1717    i._ZThn48_N4mbed6Serial4lockEv  mbed.ar(Serial.o)
    0x00005b7a   0x00005b7a   0x00000006   Code   RO         1719    i._ZThn48_N4mbed6Serial5_putcEi  mbed.ar(Serial.o)
    0x00005b80   0x00005b80   0x00000002   Code   RO         1720    i._ZThn48_N4mbed6Serial6unlockEv  mbed.ar(Serial.o)
    0x00005b82   0x00005b82   0x0000000a   Code   RO          208    i._ZdaPv            mbed_retarget.o
    0x00005b8c   0x00005b8c   0x0000000a   Code   RO          209    i._ZdlPv            mbed_retarget.o
    0x00005b96   0x00005b96   0x00000002   PAD
    0x00005b98   0x00005b98   0x00000034   Code   RO          210    i._Znaj             mbed_retarget.o
    0x00005bcc   0x00005bcc   0x00000034   Code   RO          211    i._Znwj             mbed_retarget.o
    0x00005c00   0x00005c00   0x00000092   Code   RO         3910    i.__ARM_array_new_general  cpprt_w.l(array_new_general.o)
    0x00005c92   0x00005c92   0x00000028   Code   RO         3880    i.__ARM_fpclassify  m_ws.l(fpclassify.o)
    0x00005cba   0x00005cba   0x00000002   PAD
    0x00005cbc   0x00005cbc   0x00000034   Code   RO           80    i.__NVIC_SetVector  cmsis_nvic.o
    0x00005cf0   0x00005cf0   0x00000004   Code   RO          212    i.__aeabi_atexit    mbed_retarget.o
    0x00005cf4   0x00005cf4   0x00000024   Code   RO         2667    i.__aeabi_vec_ctor_nocookie_nodtor  cpprt_w.l(aeabi_vec_ctor_nocookie_nodtor.o)
    0x00005d18   0x00005d18   0x00000010   Code   RO         3736    i.__aeabi_vec_dtor_cookie  cpprt_w.l(aeabi_vec_dtor_cookie.o)
    0x00005d28   0x00005d28   0x00000014   Code   RO         3733    i.__aeabi_vec_new_cookie  cpprt_w.l(aeabi_vec_new_cookie.o)
    0x00005d3c   0x00005d3c   0x00000010   Code   RO         3721    i.__cxa_guard_acquire  cpprt_w.l(cxa_guard_acquire.o)
    0x00005d4c   0x00005d4c   0x00000006   Code   RO         2558    i.__cxa_pure_virtual  cpprt_w.l(pure_virt.o)
    0x00005d52   0x00005d52   0x00000002   PAD
    0x00005d54   0x00005d54   0x00000018   Code   RO         3848    i.__cxa_vec_new     cpprt_w.l(cxa_vec_new.o)
    0x00005d6c   0x00005d6c   0x0000000e   Code   RO         3957    i.__mathlib_dbl_overflow  m_ws.l(dunder.o)
    0x00005d7a   0x00005d7a   0x00000002   PAD
    0x00005d7c   0x00005d7c   0x00000010   Code   RO         3959    i.__mathlib_dbl_underflow  m_ws.l(dunder.o)
    0x00005d8c   0x00005d8c   0x00000010   Code   RO         3882    i.__mathlib_narrow  m_ws.l(narrow.o)
    0x00005d9c   0x00005d9c   0x000000bc   Code   RO         3883    i.__mathlib_tofloat  m_ws.l(narrow.o)
    0x00005e58   0x00005e58   0x00000010   Code   RO         3188    i.__sti___10_locale_cpp_ff99fc7b  cpp_ws.l(locale.o)
    0x00005e68   0x00005e68   0x00000038   Code   RO         3634    i.__sti___10_rwcats_cpp_64e8068e  cpp_ws.l(rwcats.o)
    0x00005ea0   0x00005ea0   0x00000010   Code   RO         2921    i.__sti___8_char_cpp_a3dc957a  cpp_ws.l(char.o)
    0x00005eb0   0x00005eb0   0x000000c4   Code   RO          539    i.__sti___8_main_cpp_main  main.o
    0x00005f74   0x00005f74   0x00000016   Code   RO         3940    i.__support_ldexp   m_ws.l(ldexp.o)
    0x00005f8a   0x00005f8a   0x00000002   PAD
    0x00005f8c   0x00005f8c   0x00000010   Code   RO          497    i.__user_setup_stackheap  sys.o
    0x00005f9c   0x00005f9c   0x0000000e   Code   RO         2210    i._is_digit         c_w.l(__printf_wp.o)
    0x00005faa   0x00005faa   0x00000008   Code   RO          215    i._platform_post_stackheap_init  mbed_retarget.o
    0x00005fb2   0x00005fb2   0x00000002   PAD
    0x00005fb4   0x00005fb4   0x0000004c   Code   RO          216    i._sys_close        mbed_retarget.o
    0x00006000   0x00006000   0x00000038   Code   RO          219    i._sys_flen         mbed_retarget.o
    0x00006038   0x00006038   0x00000048   Code   RO          220    i._sys_istty        mbed_retarget.o
    0x00006080   0x00006080   0x000001a0   Code   RO          221    i._sys_open         mbed_retarget.o
    0x00006220   0x00006220   0x0000003c   Code   RO          223    i._sys_seek         mbed_retarget.o
    0x0000625c   0x0000625c   0x00000088   Code   RO          224    i._sys_write        mbed_retarget.o
    0x000062e4   0x000062e4   0x0000008c   Code   RO         1983    i.core_util_critical_section_enter  mbed.ar(mbed_critical.o)
    0x00006370   0x00006370   0x00000058   Code   RO         1984    i.core_util_critical_section_exit  mbed.ar(mbed_critical.o)
    0x000063c8   0x000063c8   0x00000012   Code   RO         1903    i.error             mbed.ar(mbed_error.o)
    0x000063da   0x000063da   0x00000002   PAD
    0x000063dc   0x000063dc   0x0000002c   Code   RO          226    i.exit              mbed_retarget.o
    0x00006408   0x00006408   0x0000001a   Code   RO         2237    i.fputc             c_w.l(fputc.o)
    0x00006422   0x00006422   0x00000002   PAD
    0x00006424   0x00006424   0x00000058   Code   RO         3919    i.frexp             m_ws.l(frexp.o)
    0x0000647c   0x0000647c   0x00000008   Code   RO         1794    i.get_us_ticker_data  mbed.ar(mbed_us_ticker_api.o)
    0x00006484   0x00006484   0x00000054   Code   RO          118    i.gpio_dir          gpio_api.o
    0x000064d8   0x000064d8   0x0000003a   Code   RO          119    i.gpio_init         gpio_api.o
    0x00006512   0x00006512   0x00000028   Code   RO         1911    i.gpio_init_in      mbed.ar(mbed_gpio.o)
    0x0000653a   0x0000653a   0x00000002   PAD
    0x0000653c   0x0000653c   0x00000048   Code   RO         1914    i.gpio_init_out     mbed.ar(mbed_gpio.o)
    0x00006584   0x00006584   0x00000068   Code   RO         1915    i.gpio_init_out_ex  mbed.ar(mbed_gpio.o)
    0x000065ec   0x000065ec   0x00000006   Code   RO          120    i.gpio_mode         gpio_api.o
    0x000065f2   0x000065f2   0x00000074   Code   RO         3941    i.ldexp             m_ws.l(ldexp.o)
    0x00006666   0x00006666   0x00000002   PAD
    0x00006668   0x00006668   0x000000e8   Code   RO          540    i.main              main.o
    0x00006750   0x00006750   0x00000054   Code   RO         1928    i.mbed_assert_internal  mbed.ar(mbed_assert.o)
    0x000067a4   0x000067a4   0x00000120   Code   RO          190    i.mbed_die          mbed_board.o
    0x000068c4   0x000068c4   0x00000058   Code   RO          191    i.mbed_error_printf  mbed_board.o
    0x0000691c   0x0000691c   0x00000054   Code   RO          192    i.mbed_error_vfprintf  mbed_board.o
    0x00006970   0x00006970   0x00000004   Code   RO         1936    i.mbed_interface_connected  mbed.ar(mbed_interface.o)
    0x00006974   0x00006974   0x00000002   Code   RO          227    i.mbed_main         mbed_retarget.o
    0x00006976   0x00006976   0x00000002   Code   RO          228    i.mbed_sdk_init     mbed_retarget.o
    0x00006978   0x00006978   0x0000005c   Code   RO          334    i.pin_function      pinmap.o
    0x000069d4   0x000069d4   0x00000090   Code   RO          335    i.pin_mode          pinmap.o
    0x00006a64   0x00006a64   0x00000022   Code   RO         1886    i.pinmap_find_peripheral  mbed.ar(mbed_pinmap_common.o)
    0x00006a86   0x00006a86   0x00000002   PAD
    0x00006a88   0x00006a88   0x0000003c   Code   RO         1888    i.pinmap_merge      mbed.ar(mbed_pinmap_common.o)
    0x00006ac4   0x00006ac4   0x0000005c   Code   RO         1889    i.pinmap_peripheral  mbed.ar(mbed_pinmap_common.o)
    0x00006b20   0x00006b20   0x00000058   Code   RO         1890    i.pinmap_pinout     mbed.ar(mbed_pinmap_common.o)
    0x00006b78   0x00006b78   0x00000010   Code   RO         2009    i.semihost_connected  mbed.ar(mbed_semihost_api.o)
    0x00006b88   0x00006b88   0x0000000c   Code   RO         2012    i.semihost_exit     mbed.ar(mbed_semihost_api.o)
    0x00006b94   0x00006b94   0x000001c4   Code   RO          408    i.serial_baud       serial_api.o
    0x00006d58   0x00006d58   0x000000e8   Code   RO          412    i.serial_format     serial_api.o
    0x00006e40   0x00006e40   0x00000180   Code   RO          415    i.serial_init       serial_api.o
    0x00006fc0   0x00006fc0   0x0000001c   Code   RO          416    i.serial_irq_handler  serial_api.o
    0x00006fdc   0x00006fdc   0x000000d4   Code   RO          418    i.serial_irq_set_internal  serial_api.o
    0x000070b0   0x000070b0   0x00000068   Code   RO          420    i.serial_putc       serial_api.o
    0x00007118   0x00007118   0x0000010c   Code   RO          422    i.serial_set_flow_control  serial_api.o
    0x00007224   0x00007224   0x00000050   Code   RO         2084    i.ticker_insert_event  mbed.ar(mbed_ticker_api.o)
    0x00007274   0x00007274   0x0000004e   Code   RO         2085    i.ticker_irq_handler  mbed.ar(mbed_ticker_api.o)
    0x000072c2   0x000072c2   0x00000006   Code   RO         2086    i.ticker_read       mbed.ar(mbed_ticker_api.o)
    0x000072c8   0x000072c8   0x00000044   Code   RO         2087    i.ticker_remove_event  mbed.ar(mbed_ticker_api.o)
    0x0000730c   0x0000730c   0x00000012   Code   RO         2088    i.ticker_set_handler  mbed.ar(mbed_ticker_api.o)
    0x0000731e   0x0000731e   0x00000002   PAD
    0x00007320   0x00007320   0x00000014   Code   RO          424    i.uart0_irq         serial_api.o
    0x00007334   0x00007334   0x00000014   Code   RO          425    i.uart1_irq         serial_api.o
    0x00007348   0x00007348   0x00000014   Code   RO          426    i.uart2_irq         serial_api.o
    0x0000735c   0x0000735c   0x00000014   Code   RO          427    i.uart3_irq         serial_api.o
    0x00007370   0x00007370   0x00000068   Code   RO          428    i.uart_irq          serial_api.o
    0x000073d8   0x000073d8   0x0000000c   Code   RO          514    i.us_ticker_clear_interrupt  us_ticker.o
    0x000073e4   0x000073e4   0x00000010   Code   RO          515    i.us_ticker_disable_interrupt  us_ticker.o
    0x000073f4   0x000073f4   0x00000064   Code   RO          516    i.us_ticker_init    us_ticker.o
    0x00007458   0x00007458   0x0000000c   Code   RO         1795    i.us_ticker_irq_handler  mbed.ar(mbed_us_ticker_api.o)
    0x00007464   0x00007464   0x00000064   Code   RO          517    i.us_ticker_read    us_ticker.o
    0x000074c8   0x000074c8   0x00000014   Code   RO          518    i.us_ticker_set_interrupt  us_ticker.o
    0x000074dc   0x000074dc   0x0000001c   Code   RO         1959    i.wait_ms           mbed.ar(mbed_wait_api_no_rtos.o)
    0x000074f8   0x000074f8   0x0000002c   Code   RO         3815    locale$$code        c_w.l(lc_ctype_c.o)
    0x00007524   0x00007524   0x0000002c   Code   RO         3821    locale$$code        c_w.l(lc_numeric_c.o)
    0x00007550   0x00007550   0x00000040   Code   RO         1283    t._Z13getRisingEdgeILj24EESt6bitsetIXT_EERKS0_IXT_EERKS0_IXT_EE  mixercontroller.o
    0x00007590   0x00007590   0x00000020   Code   RO         1284    t._Z8firstOneILj24EEjRKSt6bitsetIXT_EEjj  mixercontroller.o
    0x000075b0   0x000075b0   0x0000002c   Code   RO         2075    t._ZN12SingletonPtrI13PlatformMutexEptEv  mbed.ar(FileBase.o)
    0x000075dc   0x000075dc   0x000001a0   Code   RO          612    t._ZN17SerialInSerialOutILj24ELj16EE4tickEv  main.o
    0x0000777c   0x0000777c   0x00000098   Code   RO          654    t._ZN17SerialInSerialOutILj24ELj16EEC1E7PinNameS1_S1_S1_S1_PvPFvS2_St6bitsetILj24EEES3_ILj16EE  main.o
    0x00007814   0x00007814   0x00000014   Code   RO         3036    t._ZN4__rw12__string_refIcSt11char_traitsIcESaIcEE10_C_inc_refEv  cpp_ws.l(char.o)
    0x00007828   0x00007828   0x00000046   Code   RO         2477    t._ZN4__rw16__rw_facet_makerISt5ctypeIcEE13_C_maker_funcEiPKcj  cpp_ws.l(rwstdexcept.o)
    0x0000786e   0x0000786e   0x00000056   Code   RO         3287    t._ZN4__rw18__rw_locale_vectorIPNS_15__rw_facet_baseEE6resizeEjRKS2_  cpp_ws.l(locale.o)
    0x000078c4   0x000078c4   0x0000000e   Code   RO         3299    t._ZN4__rw18__rw_locale_vectorIPNS_15__rw_facet_baseEED1Ev  cpp_ws.l(locale.o)
    0x000078d2   0x000078d2   0x0000000e   Code   RO         3650    t._ZN4__rw18__rw_locale_vectorIPNS_8__rw_catEED1Ev  cpp_ws.l(rwcats.o)
    0x000078e0   0x000078e0   0x00000014   Code   RO         3302    t._ZN4__rw18__rw_locale_vectorISsED1Ev  cpp_ws.l(locale.o)
    0x000078f4   0x000078f4   0x00000088   Code   RO         3370    t._ZN4__rw18__rw_locale_vectorISt18__rw_open_cat_dataE6resizeEj  cpp_ws.l(messages.o)
    0x0000797c   0x0000797c   0x00000014   Code   RO         3376    t._ZN4__rw18__rw_locale_vectorISt18__rw_open_cat_dataED1Ev  cpp_ws.l(messages.o)
    0x00007990   0x00007990   0x00000004   Code   RO         1873    t._ZN4mbed8CallbackIFvvEE13function_callIPS1_EEvPKv  mbed.ar(SerialBase.o)
    0x00007994   0x00007994   0x00000002   Code   RO         1879    t._ZN4mbed8CallbackIFvvEE13function_dtorIPS1_EEvPv  mbed.ar(SerialBase.o)
    0x00007996   0x00007996   0x0000000a   Code   RO         1876    t._ZN4mbed8CallbackIFvvEE13function_moveIPS1_EEvPvPKv  mbed.ar(SerialBase.o)
    0x000079a0   0x000079a0   0x00000028   Code   RO          618    t._ZN4mbed8CallbackIFvvEEC1EPS1_  main.o
    0x000079c8   0x000079c8   0x00000012   Code   RO         1753    t._ZN4mbed8CallbackIFvvEED1Ev  mbed.ar(Serial.o)
    0x000079da   0x000079da   0x00000002   PAD
    0x000079dc   0x000079dc   0x00000048   Code   RO         1416    t._ZNKSt6bitsetILj24EE4testEj  mixercontroller.o
    0x00007a24   0x00007a24   0x00000090   Code   RO         2397    t._ZNKSt8messagesIcE6do_getEiiiRKSs  cpp_ws.l(rwstdexcept.o)
    0x00007ab4   0x00007ab4   0x00000006   Code   RO         2474    t._ZNKSt8messagesIcE7do_openERKSsRKSt6locale  cpp_ws.l(rwstdexcept.o)
    0x00007aba   0x00007aba   0x00000032   Code   RO         3256    t._ZNSs11_C_allocateEjjj  cpp_ws.l(locale.o)
    0x00007aec   0x00007aec   0x00000018   Code   RO         3296    t._ZNSs7replaceEjjPKcj  cpp_ws.l(locale.o)
    0x00007b04   0x00007b04   0x00000168   Code   RO         2974    t._ZNSs7replaceEjjPKcjjj  cpp_ws.l(char.o)
    0x00007c6c   0x00007c6c   0x00000074   Code   RO         2962    t._ZNSs9_C_getRepEjj  cpp_ws.l(char.o)
    0x00007ce0   0x00007ce0   0x00000048   Code   RO         2971    t._ZNSs9_C_unlinkEv  cpp_ws.l(char.o)
    0x00007d28   0x00007d28   0x00000038   Code   RO         3259    t._ZNSsC1EPKcRKSaIcE  cpp_ws.l(locale.o)
    0x00007d60   0x00007d60   0x00000010   Code   RO         3293    t._ZNSsC1ERKSaIcE   cpp_ws.l(locale.o)
    0x00007d70   0x00007d70   0x0000003e   Code   RO         2965    t._ZNSsC1ERKSs      cpp_ws.l(char.o)
    0x00007dae   0x00007dae   0x0000000c   Code   RO         3045    t._ZNSsD1Ev         cpp_ws.l(char.o)
    0x00007dba   0x00007dba   0x00000002   PAD
    0x00007dbc   0x00007dbc   0x0000004c   Code   RO         3265    t._ZNSsaSEPKc       cpp_ws.l(locale.o)
    0x00007e08   0x00007e08   0x0000003e   Code   RO         3262    t._ZNSsaSERKSs      cpp_ws.l(locale.o)
    0x00007e46   0x00007e46   0x00000002   PAD
    0x00007e48   0x00007e48   0x00000064   Code   RO         1422    t._ZNSt6bitsetILj16EE3setEjb  mixercontroller.o
    0x00007eac   0x00007eac   0x00000064   Code   RO          630    t._ZNSt6bitsetILj24EE3setEjb  main.o
    0x00007f10   0x00007f10   0x0000001e   Code   RO         1410    t._ZNSt6bitsetILj24EE4flipEv  mixercontroller.o
    0x00007f2e   0x00007f2e   0x0000000c   Code   RO         3039    t._ZSt3maxIjERKT_S2_S2_  cpp_ws.l(char.o)
    0x00007f3a   0x00007f3a   0x0000000a   Code   RO         1428    t._ZSt4swapIjEvRT_S1_  mixercontroller.o
    0x00007f44   0x00007f44   0x00000062   Code   RO         3916    x$fpl$d2f           fz_ws.l(d2f.o)
    0x00007fa6   0x00007fa6   0x00000002   PAD
    0x00007fa8   0x00007fa8   0x00000010   Code   RO         3951    x$fpl$dcheck1       fz_ws.l(dcheck1.o)
    0x00007fb8   0x00007fb8   0x00000018   Code   RO         3864    x$fpl$dcmpinf       fz_ws.l(dcmpi.o)
    0x00007fd0   0x00007fd0   0x00000078   Code   RO         3866    x$fpl$deqf          fz_ws.l(deqf.o)
    0x00008048   0x00008048   0x00000078   Code   RO         3758    x$fpl$dleqf         fz_ws.l(dleqf.o)
    0x000080c0   0x000080c0   0x0000009c   Code   RO         3459    x$fpl$dnaninf       fz_ws.l(dnaninf.o)
    0x0000815c   0x0000815c   0x0000006c   Code   RO         3463    x$fpl$drleqf        fz_ws.l(drleqf.o)
    0x000081c8   0x000081c8   0x0000000a   Code   RO         3467    x$fpl$fretinf       fz_ws.l(fretinf.o)
    0x000081d2   0x000081d2   0x00000006   Code   RO         3872    x$fpl$ieeestatus    fz_ws.l(istatus.o)
    0x000081d8   0x000081d8   0x00000004   Code   RO         3469    x$fpl$printf1       fz_ws.l(printf1.o)
    0x000081dc   0x000081dc   0x00000004   Code   RO         3471    x$fpl$printf2       fz_ws.l(printf2.o)
    0x000081e0   0x000081e0   0x00000064   Code   RO         3974    x$fpl$retnan        fz_ws.l(retnan.o)
    0x00008244   0x00008244   0x0000005c   Code   RO         3937    x$fpl$scalbn        fz_ws.l(scalbn.o)
    0x000082a0   0x000082a0   0x00000004   Code   RO         3477    x$fpl$scanf1        fz_ws.l(scanf1.o)
    0x000082a4   0x000082a4   0x00000008   Code   RO         3874    x$fpl$scanf2        fz_ws.l(scanf2.o)
    0x000082ac   0x000082ac   0x00000030   Code   RO         3976    x$fpl$trapveneer    fz_ws.l(trapv.o)
    0x000082dc   0x000082dc   0x00000000   Code   RO         3479    x$fpl$usenofp       fz_ws.l(usenofp.o)
    0x000082dc   0x000082dc   0x00000017   Data   RO          278    .constdata          mbed_retarget.o
    0x000082f3   0x000082f3   0x00000001   PAD
    0x000082f4   0x000082f4   0x00000120   Data   RO          430    .constdata          serial_api.o
    0x00008414   0x00008414   0x00000014   Data   RO         1796    .constdata          mbed.ar(mbed_us_ticker_api.o)
    0x00008428   0x00008428   0x00000008   Data   RO         1797    .constdata          mbed.ar(mbed_us_ticker_api.o)
    0x00008430   0x00008430   0x00000028   Data   RO         2198    .constdata          c_w.l(_printf_hex_int_ll_ptr.o)
    0x00008458   0x00008458   0x00000011   Data   RO         2218    .constdata          c_w.l(__printf_flags_ss_wp.o)
    0x00008469   0x00008469   0x00000003   PAD
    0x0000846c   0x0000846c   0x0000005c   Data   RO         2319    .constdata          cpp_ws.l(rwstdexcept.o)
    0x000084c8   0x000084c8   0x00000008   Data   RO         2766    .constdata          c_w.l(_printf_wctomb.o)
    0x000084d0   0x000084d0   0x00000200   Data   RO         2941    .constdata          cpp_ws.l(char.o)
    0x000086d0   0x000086d0   0x00000026   Data   RO         3520    .constdata          c_w.l(_printf_fp_hex.o)
    0x000086f6   0x000086f6   0x00000002   PAD
    0x000086f8   0x000086f8   0x00000094   Data   RO         3784    .constdata          c_w.l(bigflt0.o)
    0x0000878c   0x0000878c   0x00000018   Data   RO         1863    .constdata__ZTVN4mbed10SerialBaseE  mbed.ar(SerialBase.o)
    0x000087a4   0x000087a4   0x00000014   Data   RO         1605    .constdata__ZTVN4mbed10TimerEventE  mbed.ar(TimerEvent.o)
    0x000087b8   0x000087b8   0x00000070   Data   RO         1745    .constdata__ZTVN4mbed6SerialE  mbed.ar(Serial.o)
    0x00008828   0x00008828   0x00000050   Data   RO         1685    .constdata__ZTVN4mbed6StreamE  mbed.ar(Stream.o)
    0x00008878   0x00008878   0x00000014   Data   RO         1780    .constdata__ZTVN4mbed6TickerE  mbed.ar(Ticker.o)
    0x0000888c   0x0000888c   0x00000010   Data   RO         2074    .constdata__ZTVN4mbed8FileBaseE  mbed.ar(FileBase.o)
    0x0000889c   0x0000889c   0x00000014   Data   RO         2509    .constdata__ZTVNSt6locale5facetE  cpp_ws.l(rwstdexcept.o)
    0x000088b0   0x000088b0   0x00000034   Data   RO         3123    .constdata__ZTVSt12ctype_bynameIcE  cpp_ws.l(char.o)
    0x000088e4   0x000088e4   0x00000014   Data   RO         2511    .constdata__ZTVSt14__rw_exception  cpp_ws.l(rwstdexcept.o)
    0x000088f8   0x000088f8   0x00000034   Data   RO         2952    .constdata__ZTVSt5ctypeIcE  cpp_ws.l(char.o)
    0x0000892c   0x0000892c   0x00000020   Data   RO         2336    .constdata__ZTVSt8messagesIcE  cpp_ws.l(rwstdexcept.o)
    0x0000894c   0x0000894c   0x00000014   Data   RO         3422    .constdata__ZTVSt9exception  cpprt_w.l(exception_dtor.o)
    0x00008960   0x00008960   0x00000014   Data   RO          329    .constdata__ZZN12SingletonPtrI13PlatformMutexE3getEvEs  mbed_retarget.o
    0x00008974   0x00008974   0x0000005b   Data   RO          330    .constdata__ZZN12SingletonPtrI13PlatformMutexE3getEvEs_0  mbed_retarget.o
    0x000089cf   0x000089cf   0x0000001c   Data   RO          607    .constdata__ZZN17SerialInSerialOutILj24ELj16EE4tickEvEs  main.o
    0x000089eb   0x000089eb   0x00000014   Data   RO          608    .constdata__ZZN17SerialInSerialOutILj24ELj16EE4tickEvEs_0  main.o
    0x000089ff   0x000089ff   0x0000001a   Data   RO          609    .constdata__ZZN17SerialInSerialOutILj24ELj16EE4tickEvEs_1  main.o
    0x00008a19   0x00008a19   0x0000001c   Data   RO          610    .constdata__ZZN17SerialInSerialOutILj24ELj16EE4tickEvEs_2  main.o
    0x00008a35   0x00008a35   0x0000001e   Data   RO          611    .constdata__ZZN17SerialInSerialOutILj24ELj16EE4tickEvEs_3  main.o
    0x00008a53   0x00008a53   0x00000001   PAD
    0x00008a54   0x00008a54   0x0000000c   Data   RO         1871    .constdata__ZZN4mbed8CallbackIFvvEE8generateIPS1_EEvRKT_E3ops  mbed.ar(SerialBase.o)
    0x00008a60   0x00008a60   0x00000001   Data   RO         3253    .constdata__ZZNK4__rw15__rw_locale_imp16_C_category_nameEiEs  cpp_ws.l(locale.o)
    0x00008a61   0x00008a61   0x00000005   Data   RO         1781    .constdata__ZZNK4mbed8CallbackIFvvEE4callEvEs  mbed.ar(Ticker.o)
    0x00008a66   0x00008a66   0x00000057   Data   RO         1782    .constdata__ZZNK4mbed8CallbackIFvvEE4callEvEs_0  mbed.ar(Ticker.o)
    0x00008abd   0x00008abd   0x00000001   Data   RO          606    .constdata__ZZNKSt6bitsetILj16EE4testEjEs  main.o
    0x00008abe   0x00008abe   0x00000001   Data   RO         1408    .constdata__ZZNKSt6bitsetILj24EE4testEjEs  mixercontroller.o
    0x00008abf   0x00008abf   0x00000001   Data   RO         2960    .constdata__ZZNSs7replaceEjjPKcjjjEs  cpp_ws.l(char.o)
    0x00008ac0   0x00008ac0   0x00000001   Data   RO         2961    .constdata__ZZNSs9_C_getRepEjjEs  cpp_ws.l(char.o)
    0x00008ac1   0x00008ac1   0x00000001   Data   RO         1409    .constdata__ZZNSt6bitsetILj16EE3setEjbEs  mixercontroller.o
    0x00008ac2   0x00008ac2   0x00000001   Data   RO          605    .constdata__ZZNSt6bitsetILj24EE3setEjbEs  main.o
    0x00008ac3   0x00008ac3   0x00000002   Data   RO         2337    .constdata__ZZNSt8messagesIcEC1EjEs  cpp_ws.l(rwstdexcept.o)
    0x00008ac5   0x00008ac5   0x00000003   PAD
    0x00008ac8   0x00008ac8   0x00000065   Data   RO          122    .conststring        gpio_api.o
    0x00008b2d   0x00008b2d   0x00000003   PAD
    0x00008b30   0x00008b30   0x0000007a   Data   RO          193    .conststring        mbed_board.o
    0x00008baa   0x00008baa   0x00000002   PAD
    0x00008bac   0x00008bac   0x00000063   Data   RO          336    .conststring        pinmap.o
    0x00008c0f   0x00008c0f   0x00000001   PAD
    0x00008c10   0x00008c10   0x000000eb   Data   RO          431    .conststring        serial_api.o
    0x00008cfb   0x00008cfb   0x00000001   PAD
    0x00008cfc   0x00008cfc   0x00000051   Data   RO         1985    .conststring        mbed.ar(mbed_critical.o)
    0x00008d4d   0x00008d4d   0x00000003   PAD
    0x00008d50   0x00008d50   0x00000272   Data   RO         2320    .conststring        cpp_ws.l(rwstdexcept.o)
    0x00008fc2   0x00008fc2   0x00000002   PAD
    0x00008fc4   0x00008fc4   0x00000020   Data   RO         3978    Region$$Table       anon$$obj.o
    0x00008fe4   0x00008fe4   0x00000008   Data   RO         3868    c$$dinf             fz_ws.l(fpconst.o)
    0x00008fec   0x00008fec   0x00000008   Data   RO         3871    c$$dmax             fz_ws.l(fpconst.o)
    0x00008ff4   0x00008ff4   0x00000110   Data   RO         3814    locale$$data        c_w.l(lc_ctype_c.o)
    0x00009104   0x00009104   0x0000001c   Data   RO         3820    locale$$data        c_w.l(lc_numeric_c.o)
    0x00009120   0x00009120   0x00000010   Data   RO         3900    locale$$data        c_w.l(null_locale.o)
    0x00009130   0x00009130   0x00000004   Data   RO          553    .init_array         main.o
    0x00009134   0x00009130   0x00000000   Data   RO         2288    .init_array         c_w.l(init_aeabi.o)
    0x00009134   0x00009130   0x00000004   Data   RO         2943    .init_array         cpp_ws.l(char.o)
    0x00009138   0x00009130   0x00000004   Data   RO         3236    .init_array         cpp_ws.l(locale.o)
    0x0000913c   0x00009130   0x00000004   Data   RO         3644    .init_array         cpp_ws.l(rwcats.o)


    Execution Region RW_IRAM1 (Exec base: 0x100000c8, Load base: 0x00009140, Size: 0x00000468, Max: 0x00007f38, ABSOLUTE)

    Exec Addr    Load Addr    Size         Type   Attr      Idx    E Section Name        Object

    0x100000c8   0x00009140   0x00000008   Data   RW          281    .data               mbed_retarget.o
    0x100000d0   0x00009148   0x00000010   Data   RW          432    .data               serial_api.o
    0x100000e0   0x00009158   0x00000004   Data   RW          505    .data               system_LPC17xx.o
    0x100000e4   0x0000915c   0x00000004   Data   RW          519    .data               us_ticker.o
    0x100000e8   0x00009160   0x00000001   Data   RW          552    .data               main.o
    0x100000e9   0x00009161   0x00000003   PAD
    0x100000ec   0x00009164   0x00000008   Data   RW         1798    .data               mbed.ar(mbed_us_ticker_api.o)
    0x100000f4   0x0000916c   0x00000008   Data   RW         1986    .data               mbed.ar(mbed_critical.o)
    0x100000fc   0x00009174   0x0000000c   Data   RW         2062    .data               mbed.ar(FileBase.o)
    0x10000108   0x00009180   0x00000004   Data   RW         2249    .data               c_w.l(stdio_streams.o)
    0x1000010c   0x00009184   0x00000004   Data   RW         2250    .data               c_w.l(stdio_streams.o)
    0x10000110   0x00009188   0x00000004   Data   RW         2251    .data               c_w.l(stdio_streams.o)
    0x10000114   0x0000918c   0x00000017   Data   RW         2321    .data               cpp_ws.l(rwstdexcept.o)
    0x1000012b   0x000091a3   0x00000001   PAD
    0x1000012c   0x000091a4   0x00000008   Data   RW         2942    .data               cpp_ws.l(char.o)
    0x10000134   0x000091ac   0x0000001c   Data   RW         3235    .data               cpp_ws.l(locale.o)
    0x10000150   0x000091c8   0x00000004   Data   RW         3402    .data               cpp_ws.l(rwthrowproc_noex.o)
    0x10000154   0x000091cc   0x00000004   Data   RW         3607    .data               c_w.l(heapauxa.o)
    0x10000158   0x000091d0   0x00000008   Data   RW         3643    .data               cpp_ws.l(rwcats.o)
    0x10000160   0x000091d8   0x00000004   Data   RW         3336    .data__ZZNKSt6locale2id7_C_initEvE9_C_id_gen  cpp_ws.l(locale.o)
    0x10000164   0x000091dc   0x0000000c   Data   RW         3392    .data__ZZSt13__rw_get_catsvE11__open_cats  cpp_ws.l(messages.o)
    0x10000170        -       0x00000040   Zero   RW          277    .bss                mbed_retarget.o
    0x100001b0        -       0x000000e0   Zero   RW          429    .bss                serial_api.o
    0x10000290        -       0x00000130   Zero   RW          551    .bss                main.o
    0x100003c0        -       0x00000004   Zero   RW         2101    .bss                c_w.l(rt_errno_addr.o)
    0x100003c4        -       0x00000054   Zero   RW         2246    .bss                c_w.l(stdio_streams.o)
    0x10000418        -       0x00000054   Zero   RW         2247    .bss                c_w.l(stdio_streams.o)
    0x1000046c        -       0x00000054   Zero   RW         2248    .bss                c_w.l(stdio_streams.o)
    0x100004c0        -       0x00000018   Zero   RW         2318    .bss                cpp_ws.l(rwstdexcept.o)
    0x100004d8        -       0x00000004   Zero   RW         2719    .bss                c_w.l(rt_heap_descriptor.o)
    0x100004dc        -       0x0000002a   Zero   RW         3565    .bss                c_w.l(locale.o)
    0x10000506   0x000091e8   0x00000002   PAD
    0x10000508        -       0x00000014   Zero   RW         3766    .bss                c_w.l(rt_locale.o)
    0x1000051c        -       0x00000004   Zero   RW         3771    .bss                c_w.l(rt_eh_globals_addr.o)
    0x10000520        -       0x00000010   Zero   RW         3717    .bss__ZNSs9__nullrefE  cpp_ws.l(vendor.o)


    Execution Region RW_IRAM2 (Exec base: 0x2007c000, Load base: 0x000091e8, Size: 0x00000000, Max: 0x00004000, ABSOLUTE)

    **** No section assigned to this execution region ****


    Execution Region RW_IRAM3 (Exec base: 0x20080000, Load base: 0x000091e8, Size: 0x00000000, Max: 0x00004000, ABSOLUTE)

    **** No section assigned to this execution region ****


    Execution Region RW_IRAM4 (Exec base: 0x40038000, Load base: 0x000091e8, Size: 0x00000000, Max: 0x00000800, ABSOLUTE)

    **** No section assigned to this execution region ****


==============================================================================

Image component sizes


      Code (inc. data)   RO Data    RW Data    ZI Data      Debug   Object Name

        52          6          0          0          0         84   cmsis_nvic.o
       148         30        101          0          0        228   gpio_api.o
      1898        464        138          1        304      69842   main.o
       460         70        122          0          0        260   mbed_board.o
      1132        172        134          8         64       1412   mbed_retarget.o
       704         12          2          0          0      20299   mixercontroller.o
       236         48         99          0          0        160   pinmap.o
      1864        262        523         16        224        992   serial_api.o
        40         12        196          0          0        228   startup_LPC17xx.o
        16          6          0          0          0         68   sys.o
       160         10          0          4          0         68   system_LPC17xx.o
       248         64          0          4          0        356   us_ticker.o

    ----------------------------------------------------------------------
      6962       1156       1356         36        592      93997   Object Totals
         0          0         32          0          0          0   (incl. Generated)
         4          0          9          3          0          0   (incl. Padding)

    ----------------------------------------------------------------------

      Code (inc. data)   RO Data    RW Data    ZI Data      Debug   Library Member Name

        60          8          0          0          0         84   __0sscanf.o
        44          6          0          0          0         84   __2sprintf.o
         8          0          0          0          0         68   __main.o
       392          4         17          0          0         92   __printf_flags_ss_wp.o
        14          0          0          0          0         68   __printf_wp.o
         0          0          0          0          0          0   __rtentry.o
        20          0          0          0          0          0   __rtentry2.o
         6          0          0          0          0          0   __rtentry4.o
        52          8          0          0          0          0   __scatter.o
        26          0          0          0          0          0   __scatter_copy.o
        28          0          0          0          0          0   __scatter_zi.o
        28          0          0          0          0         68   _chval.o
        60          0          0          0          0         92   _mbrtowc.o
         6          0          0          0          0          0   _printf_a.o
         6          0          0          0          0          0   _printf_c.o
        44          0          0          0          0        108   _printf_char.o
        48          6          0          0          0         96   _printf_char_common.o
        36          4          0          0          0         80   _printf_char_file.o
        40          0          0          0          0         68   _printf_charcount.o
         6          0          0          0          0          0   _printf_d.o
       120         16          0          0          0         92   _printf_dec.o
         6          0          0          0          0          0   _printf_e.o
         6          0          0          0          0          0   _printf_f.o
      1054          0          0          0          0        216   _printf_fp_dec.o
       764          8         38          0          0        100   _printf_fp_hex.o
       128         16          0          0          0         84   _printf_fp_infnan.o
         6          0          0          0          0          0   _printf_g.o
       148          4         40          0          0        160   _printf_hex_int_ll_ptr.o
         6          0          0          0          0          0   _printf_i.o
       178          0          0          0          0         88   _printf_intcommon.o
        10          0          0          0          0          0   _printf_l.o
         6          0          0          0          0          0   _printf_lc.o
        10          0          0          0          0          0   _printf_ll.o
         6          0          0          0          0          0   _printf_lld.o
         6          0          0          0          0          0   _printf_lli.o
         6          0          0          0          0          0   _printf_llo.o
         6          0          0          0          0          0   _printf_llu.o
         6          0          0          0          0          0   _printf_llx.o
       124         16          0          0          0         92   _printf_longlong_dec.o
         6          0          0          0          0          0   _printf_ls.o
         6          0          0          0          0          0   _printf_n.o
         6          0          0          0          0          0   _printf_o.o
       112         10          0          0          0        124   _printf_oct_int_ll.o
         6          0          0          0          0          0   _printf_p.o
        78          0          0          0          0        108   _printf_pad.o
         0          0          0          0          0          0   _printf_percent.o
         4          0          0          0          0          0   _printf_percent_end.o
         6          0          0          0          0          0   _printf_s.o
        82          0          0          0          0         80   _printf_str.o
        36          0          0          0          0         84   _printf_truncate.o
         6          0          0          0          0          0   _printf_u.o
        44          0          0          0          0        108   _printf_wchar.o
       188          6          8          0          0         92   _printf_wctomb.o
         6          0          0          0          0          0   _printf_x.o
        22          0          0          0          0        100   _rserrno.o
       884          6          0          0          0        100   _scanf.o
       332          0          0          0          0         96   _scanf_int.o
       342          0          0          0          0        100   _scanf_longlong.o
       276          0          0          0          0        100   _scanf_mbtowc.o
       224          0          0          0          0         96   _scanf_str.o
        30          0          0          0          0         76   _scanf_wcharmap.o
       232          0          0          0          0        100   _scanf_wctomb.o
       208          0          0          0          0         96   _scanf_wstr.o
        64          0          0          0          0         84   _sgetc.o
        16          0          0          0          0         68   _snputc.o
        10          0          0          0          0         68   _sputc.o
        64          0          0          0          0         92   _wcrtomb.o
        22          0          0          0          0         80   abort.o
       128         42          0          0          0         76   assert.o
        24          6          0          0          0         80   assert_stdio.o
       228          4        148          0          0         96   bigflt0.o
      2152        136          0          0          0        960   btod.o
        10          0          0          0          0         68   c89vfprintf.o
        48         34          0          0          0         76   defsig_abrt_inner.o
        14          0          0          0          0         80   defsig_abrt_outer.o
        10          0          0          0          0         68   defsig_exit.o
        50          0          0          0          0         88   defsig_general.o
        48         34          0          0          0         76   defsig_pvfn_inner.o
        14          0          0          0          0         80   defsig_pvfn_outer.o
        80         58          0          0          0         76   defsig_rtmem_inner.o
        14          0          0          0          0         80   defsig_rtmem_outer.o
        52         38          0          0          0         76   defsig_rtred_inner.o
        14          0          0          0          0         80   defsig_rtred_outer.o
        76          0          0          0          0         88   fclose.o
         8          0          0          0          0         68   ferror.o
       100          4          0          0          0        120   fflush.o
       470          0          0          0          0         88   flsbuf.o
       236          4          0          0          0        128   fopen.o
        20          0          0          0          0         84   fprintf.o
        26          0          0          0          0         68   fputc.o
        34          0          0          0          0         80   fputs.o
       248          6          0          0          0         84   fseek.o
        66          0          0          0          0         76   ftell.o
        94          0          0          0          0         80   h1_alloc.o
        52          0          0          0          0         68   h1_extend.o
        78          0          0          0          0         80   h1_free.o
        14          0          0          0          0         84   h1_init.o
        80          6          0          4          0         96   heapauxa.o
         4          0          0          0          0        136   hguard.o
         0          0          0          0          0          0   indicate_semi.o
        36         10          0          0          0         80   init_aeabi.o
       138          0          0          0          0        168   init_alloc.o
       312         46          0          0          0        112   initio.o
        18          0          0          0          0         76   isspace.o
        44         10        272          0          0         76   lc_ctype_c.o
        44         10         28          0          0         76   lc_numeric_c.o
         2          0          0          0          0          0   libinit.o
        46          0          0          0          0          0   libinit2.o
         0          0          0          0          0          0   libshutdown2.o
        38          0          0          0          0         68   llshl.o
       138          0          0          0          0         80   lludiv10.o
        16          6          0          0         42         68   locale.o
       440          8          0          0          0        180   locale_r.o
         0          0          0          0          0          0   maybetermalloc1.o
         8          0          0          0          0         76   memcpy.o
         0          0         16          0          0          0   null_locale.o
        16          4          0          0          0         76   rt_ctype_table.o
         8          4          0          0          4         68   rt_eh_globals_addr.o
         8          4          0          0          4         68   rt_errno_addr.o
         8          4          0          0          4         68   rt_heap_descriptor.o
         8          4          0          0         20         68   rt_locale.o
        78          0          0          0          0         80   rt_memclr_w.o
       138          0          0          0          0         68   rt_memcpy_v6.o
       100          0          0          0          0         80   rt_memcpy_w.o
       132          0          0          0          0         68   rt_memmove_v6.o
       122          0          0          0          0         80   rt_memmove_w.o
        44          8          0          0          0         84   scanf_char.o
      1272         16          0          0          0        168   scanf_fp.o
       800         14          0          0          0        100   scanf_hexfp.o
       308         16          0          0          0        100   scanf_infnan.o
        20          0          0          0          0         68   setbuf.o
        70          0          0          0          0         80   setvbuf.o
        60          8          0          0          0         84   sscanf.o
       240          6          0          0          0        156   stdio.o
         0          0          0         12        252          0   stdio_streams.o
        24          0          0          0          0         68   strcat.o
       128          0          0          0          0         68   strcmpv7m.o
        72          0          0          0          0         80   strcpy.o
        62          0          0          0          0         76   strlen.o
       150          0          0          0          0         80   strncmp.o
        22          0          0          0          0         68   strrchr.o
        12          4          0          0          0         68   sys_exit.o
        14          0          0          0          0         76   sys_wrch.o
         2          0          0          0          0         68   use_no_semi.o
        52          4          0          0          0         80   vsnprintf.o
      1824         74        622          8          0       1552   char.o
      1502         80          5         32          0       1760   locale.o
       482         34          0         12          0        784   messages.o
        36          0          0          0          0        144   rwalloc.o
       184         24          4          8          0        400   rwcats.o
      1000         68        792         23         24       1220   rwstdexcept.o
       152         94          0          0          0         72   rwthrowproc_impl_noex.o
         0          0          0          4          0          0   rwthrowproc_noex.o
         0          0          0          0         16          0   vendor.o
        28          0          0          0          0         84   ARM_vec_cleanup_noexceptions.o
        36          0          0          0          0         84   aeabi_vec_ctor_nocookie_nodtor.o
        14          0          0          0          0         80   aeabi_vec_delete_noexceptions.o
        16          0          0          0          0         68   aeabi_vec_dtor_cookie.o
        34          0          0          0          0         84   aeabi_vec_dtor_noexceptions.o
        20          0          0          0          0         80   aeabi_vec_new_cookie.o
        80         12          0          0          0        104   arm_exceptions_globs.o
        60          0          0          0          0        108   arm_exceptions_mem.o
        26          0          0          0          0         76   arm_exceptions_terminate.o
         2          0          0          0          0         68   arm_rethrow_noexceptions.o
       146          0          0          0          0         96   array_new_general.o
        16          0          0          0          0         68   cxa_guard_acquire.o
        24          6          0          0          0         84   cxa_vec_new.o
        12          6          0          0          0         68   exception_ctor.o
         0          0         20          0          0          0   exception_dtor.o
         6          0          0          0          0         68   pure_virt.o
        98          4          0          0          0         92   d2f.o
        16          4          0          0          0         68   dcheck1.o
        24          0          0          0          0         68   dcmpi.o
       120          4          0          0          0         92   deqf.o
       120          4          0          0          0         92   dleqf.o
       156          4          0          0          0         92   dnaninf.o
       108          0          0          0          0         80   drleqf.o
         0          0         16          0          0          0   fpconst.o
        10          0          0          0          0         68   fretinf.o
         6          0          0          0          0         68   istatus.o
         4          0          0          0          0         68   printf1.o
         4          0          0          0          0         68   printf2.o
       100          0          0          0          0         68   retnan.o
        92          0          0          0          0         68   scalbn.o
         4          0          0          0          0         68   scanf1.o
         8          0          0          0          0         84   scanf2.o
        48          0          0          0          0         68   trapv.o
         0          0          0          0          0          0   usenofp.o
        30          6          0          0          0        136   dunder.o
        40          0          0          0          0         68   fpclassify.o
        88          8          0          0          0         76   frexp.o
       138          0          0          0          0        160   ldexp.o
       204          4          0          0          0        168   narrow.o
       304         52         16         12          0        380   FileBase.o
       122          0          0          0          0        296   FilePath.o
       120         18        112          0          0        568   Serial.o
       348         30         36          0          0        908   SerialBase.o
       222         18         80          0          0        744   Stream.o
       210         14        112          0          0        260   Ticker.o
        96         12         20          0          0        356   TimerEvent.o
        84         52          0          0          0         88   mbed_assert.o
       228         98         81          8          0        156   mbed_critical.o
        18          0          0          0          0         80   mbed_error.o
       216         36          0          0          0        268   mbed_gpio.o
         4          0          0          0          0         68   mbed_interface.o
       274         78          0          0          0        308   mbed_pinmap_common.o
        28          6          0          0          0        144   mbed_semihost_api.o
       250          0          0          0          0        420   mbed_ticker_api.o
        20         10         28          8          0        136   mbed_us_ticker_api.o
        28          0          0          0          0         80   mbed_wait_api_no_rtos.o

    ----------------------------------------------------------------------
     26342       1538       2524        132        368      24668   Library Totals
        78          2         13          1          2          0   (incl. Padding)

    ----------------------------------------------------------------------

      Code (inc. data)   RO Data    RW Data    ZI Data      Debug   Library Name

     16574        676        567         16        326      10436   c_w.l
      5180        374       1423         87         40       5932   cpp_ws.l
       520         24         20          0          0       1220   cpprt_w.l
       918         20         16          0          0       1212   fz_ws.l
       500         18          0          0          0        608   m_ws.l
      2572        424        485         28          0       5260   mbed.ar

    ----------------------------------------------------------------------
     26342       1538       2524        132        368      24668   Library Totals

    ----------------------------------------------------------------------

==============================================================================


      Code (inc. data)   RO Data    RW Data    ZI Data      Debug   

     33304       2694       3880        168        960      99161   Grand Totals
     33304       2694       3880        168        960      99161   ELF Image Totals
     33304       2694       3880        168          0          0   ROM Totals

==============================================================================

    Total RO  Size (Code + RO Data)                37184 (  36.31kB)
    Total RW  Size (RW Data + ZI Data)              1128 (   1.10kB)
    Total ROM Size (Code + RO Data + RW Data)      37352 (  36.48kB)

==============================================================================

